Archive member included to satisfy reference by file (symbol)

/opt/devkitpro/libctru/lib/libcitro2d.a(base.o)
                              main.o (C2D_Init)
/opt/devkitpro/libctru/lib/libcitro2d.a(text.o)
                              main.o (C2D_TextBufNew)
/opt/devkitpro/libctru/lib/libcitro2d.a(spritesheet.o)
                              main.o (C2D_SpriteSheetLoad)
/opt/devkitpro/libctru/lib/libcitro2d.a(font.o)
                              main.o (C2D_FontFree)
/opt/devkitpro/libctru/lib/libcitro2d.a(render2d.shbin.o)
                              /opt/devkitpro/libctru/lib/libcitro2d.a(base.o) (render2d_shbin)
/opt/devkitpro/libctru/lib/libcitro3d.a(base.o)
                              main.o (C3D_Init)
/opt/devkitpro/libctru/lib/libcitro3d.a(renderqueue.o)
                              /opt/devkitpro/libctru/lib/libcitro3d.a(base.o) (C3Di_RenderQueueEnableVBlank)
/opt/devkitpro/libctru/lib/libcitro3d.a(texture.o)
                              /opt/devkitpro/libctru/lib/libcitro2d.a(base.o) (C3D_TexBind)
/opt/devkitpro/libctru/lib/libcitro3d.a(tex3ds.o)
                              /opt/devkitpro/libctru/lib/libcitro2d.a(spritesheet.o) (Tex3DS_TextureImport)
/opt/devkitpro/libctru/lib/libcitro3d.a(framebuffer.o)
                              /opt/devkitpro/libctru/lib/libcitro3d.a(renderqueue.o) (C3D_CalcColorBufSize)
/opt/devkitpro/libctru/lib/libcitro3d.a(texenv.o)
                              /opt/devkitpro/libctru/lib/libcitro2d.a(base.o) (C3D_GetTexEnv)
/opt/devkitpro/libctru/lib/libcitro3d.a(proctex.o)
                              /opt/devkitpro/libctru/lib/libcitro2d.a(base.o) (C3D_ProcTexInit)
/opt/devkitpro/libctru/lib/libcitro3d.a(buffers.o)
                              /opt/devkitpro/libctru/lib/libcitro2d.a(base.o) (BufInfo_Init)
/opt/devkitpro/libctru/lib/libcitro3d.a(drawArrays.o)
                              /opt/devkitpro/libctru/lib/libcitro2d.a(base.o) (C3D_DrawArrays)
/opt/devkitpro/libctru/lib/libcitro3d.a(effect.o)
                              /opt/devkitpro/libctru/lib/libcitro3d.a(base.o) (C3D_DepthMap)
/opt/devkitpro/libctru/lib/libcitro3d.a(attribs.o)
                              /opt/devkitpro/libctru/lib/libcitro2d.a(base.o) (AttrInfo_Init)
/opt/devkitpro/libctru/lib/libcitro3d.a(immediate.o)
                              /opt/devkitpro/libctru/lib/libcitro3d.a(base.o) (C3D_ImmSendAttrib)
/opt/devkitpro/libctru/lib/libcitro3d.a(uniforms.o)
                              /opt/devkitpro/libctru/lib/libcitro3d.a(base.o) (C3D_UpdateUniforms)
/opt/devkitpro/libctru/lib/libcitro3d.a(mtx_ortho.o)
                              /opt/devkitpro/libctru/lib/libcitro2d.a(base.o) (Mtx_Ortho)
/opt/devkitpro/libctru/lib/libcitro3d.a(mtx_scale.o)
                              /opt/devkitpro/libctru/lib/libcitro2d.a(base.o) (Mtx_Scale)
/opt/devkitpro/libctru/lib/libcitro3d.a(mtx_multiply.o)
                              /opt/devkitpro/libctru/lib/libcitro2d.a(base.o) (Mtx_Multiply)
/opt/devkitpro/libctru/lib/libcitro3d.a(mtx_orthotilt.o)
                              /opt/devkitpro/libctru/lib/libcitro2d.a(base.o) (Mtx_OrthoTilt)
/opt/devkitpro/libctru/lib/libcitro3d.a(mtx_translate.o)
                              /opt/devkitpro/libctru/lib/libcitro2d.a(base.o) (Mtx_Translate)
/opt/devkitpro/libctru/lib/libcitro3d.a(mtx_rotatez.o)
                              /opt/devkitpro/libctru/lib/libcitro2d.a(base.o) (Mtx_RotateZ)
/opt/devkitpro/libctru/lib/libctru.a(vram.o)
                              /opt/devkitpro/libctru/lib/libcitro3d.a(renderqueue.o) (vramAlloc)
/opt/devkitpro/libctru/lib/libctru.a(linear.o)
                              /opt/devkitpro/libctru/lib/libcitro2d.a(base.o) (linearAlloc)
/opt/devkitpro/libctru/lib/libctru.a(mem_pool.o)
                              /opt/devkitpro/libctru/lib/libctru.a(vram.o) (MemPool::Allocate(MemChunk&, unsigned long, int))
/opt/devkitpro/libctru/lib/libctru.a(romfs_dev.o)
                              main.o (romfsMountSelf)
/opt/devkitpro/libctru/lib/libctru.a(os.o)
                              /opt/devkitpro/libctru/lib/libcitro3d.a(texture.o) (osConvertVirtToPhys)
/opt/devkitpro/libctru/lib/libctru.a(console.o)
                              main.o (consoleInit)
/opt/devkitpro/libctru/lib/libctru.a(path_buf.o)
                              /opt/devkitpro/libctru/lib/libctru.a(romfs_dev.o) (__ctru_dev_utf16_buf)
/opt/devkitpro/libctru/lib/libctru.a(font.o)
                              /opt/devkitpro/libctru/lib/libcitro2d.a(text.o) (fontEnsureMapped)
/opt/devkitpro/libctru/lib/libctru.a(gfx.o)
                              /opt/devkitpro/libctru/lib/libcitro2d.a(base.o) (gfxIsWide)
/opt/devkitpro/libctru/lib/libctru.a(shaderProgram.o)
                              /opt/devkitpro/libctru/lib/libcitro2d.a(base.o) (shaderInstanceGetUniformLocation)
/opt/devkitpro/libctru/lib/libctru.a(shbin.o)
                              /opt/devkitpro/libctru/lib/libcitro2d.a(base.o) (DVLB_ParseFile)
/opt/devkitpro/libctru/lib/libctru.a(gx.o)
[...]
Memory Configuration

Name             Origin             Length             Attributes
*default*        0x0000000000000000 0xffffffffffffffff

Linker script and memory map

                0x0000000000100000                PROVIDE (__start__ = 0x100000)
                0x0000000000100000                . = __start__

.text           0x0000000000100000    0x2d704
 *(.crt0)
 .crt0          0x0000000000100000       0x94 /opt/devkitpro/devkitARM/bin/../lib/gcc/arm-none-eabi/11.1.0/../../../../arm-none-eabi/lib/armv6k/fpu/3dsx_crt0.o
                0x0000000000100000                _start
                0x0000000000100008                __service_ptr
                0x000000000010000c                __apt_appid
                0x0000000000100010                __heap_size
                0x0000000000100014                __linear_heap_size
                0x0000000000100018                __system_arglist
                0x000000000010001c                __system_runflags
 *(.init)
 .init          0x0000000000100094        0xc /opt/devkitpro/devkitARM/bin/../lib/gcc/arm-none-eabi/11.1.0/armv6k/fpu/crti.o
                0x0000000000100094                _init
 .init          0x00000000001000a0        0xc /opt/devkitpro/devkitARM/bin/../lib/gcc/arm-none-eabi/11.1.0/armv6k/fpu/crtn.o
                0x00000000001000ac                . = ALIGN (0x4)
 *(.text)
 .text          0x00000000001000ac      0x20c /opt/devkitpro/devkitARM/bin/../lib/gcc/arm-none-eabi/11.1.0/armv6k/fpu/libgcc.a(_udivsi3.o)
                0x00000000001000ac                __udivsi3
                0x00000000001000ac                __aeabi_uidiv
                0x0000000000100298                __aeabi_uidivmod
 .text          0x00000000001002b8      0x240 /opt/devkitpro/devkitARM/bin/../lib/gcc/arm-none-eabi/11.1.0/armv6k/fpu/libgcc.a(_divsi3.o)
                0x00000000001002b8                __aeabi_idiv
                0x00000000001002b8                __divsi3
                0x00000000001004d8                __aeabi_idivmod
 .text          0x00000000001004f8        0x4 /opt/devkitpro/devkitARM/bin/../lib/gcc/arm-none-eabi/11.1.0/armv6k/fpu/libgcc.a(_dvmd_tls.o)
                0x00000000001004f8                __aeabi_ldiv0
                0x00000000001004f8                __aeabi_idiv0
 .text          0x00000000001004fc      0x3c0 /opt/devkitpro/devkitARM/bin/../lib/gcc/arm-none-eabi/11.1.0/armv6k/fpu/libgcc.a(_arm_addsubdf3.o)
                0x00000000001004fc                __aeabi_drsub
                0x0000000000100504                __aeabi_dsub
                0x0000000000100504                __subdf3
                0x0000000000100508                __adddf3
                0x0000000000100508                __aeabi_dadd
                0x00000000001007b4                __aeabi_ui2d
                0x00000000001007b4                __floatunsidf
                0x00000000001007d8                __floatsidf
                0x00000000001007d8                __aeabi_i2d
                0x0000000000100800                __extendsfdf2
                0x0000000000100800                __aeabi_f2d
                0x0000000000100848                __aeabi_ul2d
                0x0000000000100848                __floatundidf
                0x000000000010085c                __floatdidf
                0x000000000010085c                __aeabi_l2d
 .text          0x00000000001008bc       0xd4 /opt/devkitpro/devkitARM/bin/../lib/gcc/arm-none-eabi/11.1.0/armv6k/fpu/libgcc.a(_aeabi_ldivmod.o)
                0x00000000001008bc                __aeabi_ldivmod
 .text          0x0000000000100990       0x3c /opt/devkitpro/devkitARM/bin/../lib/gcc/arm-none-eabi/11.1.0/armv6k/fpu/libgcc.a(_aeabi_uldivmod.o)
                0x0000000000100990                __aeabi_uldivmod
 *fill*         0x00000000001009cc       0x14 
 .text          0x00000000001009e0      0x390 /opt/devkitpro/devkitARM/bin/../lib/gcc/arm-none-eabi/11.1.0/../../../../arm-none-eabi/lib/armv6k/fpu/libg.a(lib_a-strcmp.o)
                0x00000000001009e8                strcmp
 *(.text.*)
 .text.__do_global_dtors_aux
                0x0000000000100d70       0x40 /opt/devkitpro/devkitARM/bin/../lib/gcc/arm-none-eabi/11.1.0/armv6k/fpu/crtbegin.o
 .text.frame_dummy
                0x0000000000100db0       0x2c /opt/devkitpro/devkitARM/bin/../lib/gcc/arm-none-eabi/11.1.0/armv6k/fpu/crtbegin.o
 .text.startup.main
                0x0000000000100ddc      0x40c main.o
                0x0000000000100ddc                main
 .text.C2Di_FrameEndHook
                0x00000000001011e8       0x34 /opt/devkitpro/libctru/lib/libcitro2d.a(base.o)
 *fill*         0x000000000010121c        0x4 
 .text.C2D_Init
                0x0000000000101220      0x330 /opt/devkitpro/libctru/lib/libcitro2d.a(base.o)
                0x0000000000101220                C2D_Init
 .text.C2D_Fini
                0x0000000000101550       0x44 /opt/devkitpro/libctru/lib/libcitro2d.a(base.o)
                0x0000000000101550                C2D_Fini
 .text.C2D_Prepare
                0x0000000000101594       0xd0 /opt/devkitpro/libctru/lib/libcitro2d.a(base.o)
                0x0000000000101594                C2D_Prepare
 .text.C2D_Flush
                0x0000000000101664       0x3c /opt/devkitpro/libctru/lib/libcitro2d.a(base.o)
                0x0000000000101664                C2D_Flush
 .text.C2D_SceneSize
                0x00000000001016a0      0x108 /opt/devkitpro/libctru/lib/libcitro2d.a(base.o)
                0x00000000001016a0                C2D_SceneSize
 .text.C2D_CreateScreenTarget
                0x00000000001017a8       0x58 /opt/devkitpro/libctru/lib/libcitro2d.a(base.o)
                0x00000000001017a8                C2D_CreateScreenTarget
 .text.C2D_TargetClear
                0x0000000000101800       0x58 /opt/devkitpro/libctru/lib/libcitro2d.a(base.o)
                0x0000000000101800                C2D_TargetClear
 .text.C2Di_CalcQuad
                0x0000000000101858      0x13c /opt/devkitpro/libctru/lib/libcitro2d.a(base.o)
                0x0000000000101858                C2Di_CalcQuad
 .text.C2Di_AppendVtx
                0x0000000000101994       0x40 /opt/devkitpro/libctru/lib/libcitro2d.a(base.o)
                0x0000000000101994                C2Di_AppendVtx
 .text.C2Di_Update
                0x00000000001019d4      0x22c /opt/devkitpro/libctru/lib/libcitro2d.a(base.o)
                0x00000000001019d4                C2Di_Update
 .text.C2D_DrawImage
                0x0000000000101c00      0x2f8 /opt/devkitpro/libctru/lib/libcitro2d.a(base.o)
                0x0000000000101c00                C2D_DrawImage
 .text.C2D_DrawRectangle
                0x0000000000101ef8      0x1b0 /opt/devkitpro/libctru/lib/libcitro2d.a(base.o)
                0x0000000000101ef8                C2D_DrawRectangle
 .text.C2Di_GlyphComp
                0x00000000001020a8       0x18 /opt/devkitpro/libctru/lib/libcitro2d.a(text.o)
 .text.C2Di_CalcLineWidths
                0x00000000001020c0      0x140 /opt/devkitpro/libctru/lib/libcitro2d.a(text.o)
 .text.C2D_TextBufNew
                0x0000000000102200      0x1d0 /opt/devkitpro/libctru/lib/libcitro2d.a(text.o)
                0x0000000000102200                C2D_TextBufNew
 .text.C2D_TextBufDelete
                0x00000000001023d0        0x4 /opt/devkitpro/libctru/lib/libcitro2d.a(text.o)
                0x00000000001023d0                C2D_TextBufDelete
 .text.C2D_TextFontParseLine
                0x00000000001023d4      0x1c8 /opt/devkitpro/libctru/lib/libcitro2d.a(text.o)
                0x00000000001023d4                C2D_TextFontParseLine
 .text.C2D_TextFontParse
                0x000000000010259c       0xa8 /opt/devkitpro/libctru/lib/libcitro2d.a(text.o)
                0x000000000010259c                C2D_TextFontParse
 .text.C2D_TextOptimize
                0x0000000000102644       0x30 /opt/devkitpro/libctru/lib/libcitro2d.a(text.o)
                0x0000000000102644                C2D_TextOptimize
 .text.C2D_DrawText
                0x0000000000102674     0x10d4 /opt/devkitpro/libctru/lib/libcitro2d.a(text.o)
                0x0000000000102674                C2D_DrawText
 .text.C2D_SpriteSheetLoadFromHandle
                0x0000000000103748       0x6c /opt/devkitpro/libctru/lib/libcitro2d.a(spritesheet.o)
                0x0000000000103748                C2D_SpriteSheetLoadFromHandle
 .text.C2D_SpriteSheetLoad
                0x00000000001037b4       0x48 /opt/devkitpro/libctru/lib/libcitro2d.a(spritesheet.o)
                0x00000000001037b4                C2D_SpriteSheetLoad
 .text.C2D_SpriteSheetFree
                0x00000000001037fc       0x28 /opt/devkitpro/libctru/lib/libcitro2d.a(spritesheet.o)
                0x00000000001037fc                C2D_SpriteSheetFree
 .text.C2D_SpriteSheetCount
                0x0000000000103824        0x8 /opt/devkitpro/libctru/lib/libcitro2d.a(spritesheet.o)
                0x0000000000103824                C2D_SpriteSheetCount
 .text.C2D_SpriteSheetGetImage
                0x000000000010382c       0x2c /opt/devkitpro/libctru/lib/libcitro2d.a(spritesheet.o)
                0x000000000010382c                C2D_SpriteSheetGetImage
 .text.C2D_FontFree
                0x0000000000103858       0x28 /opt/devkitpro/libctru/lib/libcitro2d.a(font.o)
                0x0000000000103858                C2D_FontFree
 .text.C2Di_PostLoadFont
                0x0000000000103880       0xf0 /opt/devkitpro/libctru/lib/libcitro2d.a(font.o)
 .text.C2D_FontLoadFromHandle
                0x0000000000103970       0xb4 /opt/devkitpro/libctru/lib/libcitro2d.a(font.o)
                0x0000000000103970                C2D_FontLoadFromHandle
 .text.C2D_FontLoad
                0x0000000000103a24       0x34 /opt/devkitpro/libctru/lib/libcitro2d.a(font.o)
                0x0000000000103a24                C2D_FontLoad
 .text.C2D_FontGlyphIndexFromCodePoint
                0x0000000000103a58       0x44 /opt/devkitpro/libctru/lib/libcitro2d.a(font.o)
                0x0000000000103a58                C2D_FontGlyphIndexFromCodePoint
 .text.C2D_FontCalcGlyphPos
                0x0000000000103a9c       0x78 /opt/devkitpro/libctru/lib/libcitro2d.a(font.o)
                0x0000000000103a9c                C2D_FontCalcGlyphPos
 .text.C3Di_LightEnvUpdate
                0x0000000000103b14        0x4 /opt/devkitpro/libctru/lib/libcitro3d.a(base.o)
                0x0000000000103b14                C3Di_LightEnvUpdate
 .text.C3Di_LightEnvDirty
                0x0000000000103b18        0x4 /opt/devkitpro/libctru/lib/libcitro3d.a(base.o)
                0x0000000000103b18                C3Di_LightEnvDirty
 .text.C3Di_AptEventHook
                0x0000000000103b1c       0xb4 /opt/devkitpro/libctru/lib/libcitro3d.a(base.o)
 .text.C3Di_GasUpdate
                0x0000000000103bd0        0x4 /opt/devkitpro/libctru/lib/libcitro3d.a(base.o)
                0x0000000000103bd0                C3Di_GasUpdate
 .text.C3D_Init
                0x0000000000103bd4      0x1e0 /opt/devkitpro/libctru/lib/libcitro3d.a(base.o)
                0x0000000000103bd4                C3D_Init
 .text.C3D_SetViewport
                0x0000000000103db4       0x98 /opt/devkitpro/libctru/lib/libcitro3d.a(base.o)
                0x0000000000103db4                C3D_SetViewport
 .text.C3Di_UpdateContext
                0x0000000000103e4c      0x4ec /opt/devkitpro/libctru/lib/libcitro3d.a(base.o)
                0x0000000000103e4c                C3Di_UpdateContext
 .text.C3Di_SplitFrame
                0x0000000000104338       0xe0 /opt/devkitpro/libctru/lib/libcitro3d.a(base.o)
                0x0000000000104338                C3Di_SplitFrame
 .text.C3D_Fini
                0x0000000000104418       0x44 /opt/devkitpro/libctru/lib/libcitro3d.a(base.o)
                0x0000000000104418                C3D_Fini
 .text.C3D_BindProgram
                0x000000000010445c      0x108 /opt/devkitpro/libctru/lib/libcitro3d.a(base.o)
                0x000000000010445c                C3D_BindProgram
 .text.onVBlank0
                0x0000000000104564       0x4c /opt/devkitpro/libctru/lib/libcitro3d.a(renderqueue.o)
 .text.onVBlank1
                0x00000000001045b0       0x4c /opt/devkitpro/libctru/lib/libcitro3d.a(renderqueue.o)
 .text.C3Di_RenderTargetDestroy
                0x00000000001045fc       0x80 /opt/devkitpro/libctru/lib/libcitro3d.a(renderqueue.o)
 .text.onQueueFinish
                0x000000000010467c       0xf4 /opt/devkitpro/libctru/lib/libcitro3d.a(renderqueue.o)
 .text.C3Di_RenderQueueEnableVBlank
                0x0000000000104770       0x38 /opt/devkitpro/libctru/lib/libcitro3d.a(renderqueue.o)
                0x0000000000104770                C3Di_RenderQueueEnableVBlank
 .text.C3Di_RenderQueueDisableVBlank
                0x00000000001047a8       0x30 /opt/devkitpro/libctru/lib/libcitro3d.a(renderqueue.o)
                0x00000000001047a8                C3Di_RenderQueueDisableVBlank
 .text.C3Di_RenderQueueInit
                0x00000000001047d8       0x60 /opt/devkitpro/libctru/lib/libcitro3d.a(renderqueue.o)
                0x00000000001047d8                C3Di_RenderQueueInit
 .text.C3Di_RenderQueueExit
                0x0000000000104838       0xb0 /opt/devkitpro/libctru/lib/libcitro3d.a(renderqueue.o)
                0x0000000000104838                C3Di_RenderQueueExit
 .text.C3Di_RenderQueueWaitDone
                0x00000000001048e8       0x34 /opt/devkitpro/libctru/lib/libcitro3d.a(renderqueue.o)
                0x00000000001048e8                C3Di_RenderQueueWaitDone
 .text.C3D_FrameBegin
                0x000000000010491c       0xe4 /opt/devkitpro/libctru/lib/libcitro3d.a(renderqueue.o)
                0x000000000010491c                C3D_FrameBegin
 .text.C3D_FrameDrawOn
                0x0000000000104a00       0x48 /opt/devkitpro/libctru/lib/libcitro3d.a(renderqueue.o)
                0x0000000000104a00                C3D_FrameDrawOn
 .text.C3D_FrameSplit
                0x0000000000104a48       0x58 /opt/devkitpro/libctru/lib/libcitro3d.a(renderqueue.o)
                0x0000000000104a48                C3D_FrameSplit
 .text.C3D_FrameEnd
                0x0000000000104aa0      0x1d8 /opt/devkitpro/libctru/lib/libcitro3d.a(renderqueue.o)
                0x0000000000104aa0                C3D_FrameEnd
 .text.C3D_FrameEndHook
                0x0000000000104c78       0x1c /opt/devkitpro/libctru/lib/libcitro3d.a(renderqueue.o)
                0x0000000000104c78                C3D_FrameEndHook
 .text.C3D_RenderTargetCreate
                0x0000000000104c94      0x128 /opt/devkitpro/libctru/lib/libcitro3d.a(renderqueue.o)
                0x0000000000104c94                C3D_RenderTargetCreate
 .text.C3D_RenderTargetSetOutput
                0x0000000000104dbc       0xa8 /opt/devkitpro/libctru/lib/libcitro3d.a(renderqueue.o)
                0x0000000000104dbc                C3D_RenderTargetSetOutput
 .text.C3D_SyncTextureCopy
                0x0000000000104e64       0xfc /opt/devkitpro/libctru/lib/libcitro3d.a(renderqueue.o)
                0x0000000000104e64                C3D_SyncTextureCopy
 .text.C3D_TexInitWithParams
                0x0000000000104f60      0x2a0 /opt/devkitpro/libctru/lib/libcitro3d.a(texture.o)
                0x0000000000104f60                C3D_TexInitWithParams
 .text.C3D_TexLoadImage
                0x0000000000105200       0xc8 /opt/devkitpro/libctru/lib/libcitro3d.a(texture.o)
                0x0000000000105200                C3D_TexLoadImage
 .text.C3D_TexBind
                0x00000000001052c8       0x44 /opt/devkitpro/libctru/lib/libcitro3d.a(texture.o)
                0x00000000001052c8                C3D_TexBind
 .text.C3D_TexDelete
                0x000000000010530c       0x74 /opt/devkitpro/libctru/lib/libcitro3d.a(texture.o)
                0x000000000010530c                C3D_TexDelete
 .text.C3Di_SetTex
                0x0000000000105380      0x16c /opt/devkitpro/libctru/lib/libcitro3d.a(texture.o)
                0x0000000000105380                C3Di_SetTex
 .text.Tex3DSi_ImportCommon
                0x00000000001054ec      0x3f4 /opt/devkitpro/libctru/lib/libcitro3d.a(tex3ds.o)
 .text.Tex3DS_TextureImportStdio
                0x00000000001058e0       0x38 /opt/devkitpro/libctru/lib/libcitro3d.a(tex3ds.o)
                0x00000000001058e0                Tex3DS_TextureImportStdio
 .text.Tex3DS_GetNumSubTextures
                0x0000000000105918        0x8 /opt/devkitpro/libctru/lib/libcitro3d.a(tex3ds.o)
                0x0000000000105918                Tex3DS_GetNumSubTextures
 .text.Tex3DS_GetSubTexture
                0x0000000000105920       0x1c /opt/devkitpro/libctru/lib/libcitro3d.a(tex3ds.o)
                0x0000000000105920                Tex3DS_GetSubTexture
 .text.Tex3DS_TextureFree
                0x000000000010593c        0x4 /opt/devkitpro/libctru/lib/libcitro3d.a(tex3ds.o)
                0x000000000010593c                Tex3DS_TextureFree
 .text.C3D_CalcColorBufSize
                0x0000000000105940       0x1c /opt/devkitpro/libctru/lib/libcitro3d.a(framebuffer.o)
                0x0000000000105940                C3D_CalcColorBufSize
 .text.C3D_CalcDepthBufSize
                0x000000000010595c       0x1c /opt/devkitpro/libctru/lib/libcitro3d.a(framebuffer.o)
                0x000000000010595c                C3D_CalcDepthBufSize
 .text.C3D_SetFrameBuf
                0x0000000000105978       0x44 /opt/devkitpro/libctru/lib/libcitro3d.a(framebuffer.o)
                0x0000000000105978                C3D_SetFrameBuf
 .text.C3Di_FrameBufBind
                0x00000000001059bc      0x16c /opt/devkitpro/libctru/lib/libcitro3d.a(framebuffer.o)
                0x00000000001059bc                C3Di_FrameBufBind
 .text.C3D_FrameBufClear
                0x0000000000105b28       0xcc /opt/devkitpro/libctru/lib/libcitro3d.a(framebuffer.o)
                0x0000000000105b28                C3D_FrameBufClear
 .text.C3D_FrameBufTransfer
                0x0000000000105bf4       0x44 /opt/devkitpro/libctru/lib/libcitro3d.a(framebuffer.o)
                0x0000000000105bf4                C3D_FrameBufTransfer
 .text.C3D_GetTexEnv
                0x0000000000105c38       0x34 /opt/devkitpro/libctru/lib/libcitro3d.a(texenv.o)
                0x0000000000105c38                C3D_GetTexEnv
 .text.C3Di_TexEnvBind
                0x0000000000105c6c       0x24 /opt/devkitpro/libctru/lib/libcitro3d.a(texenv.o)
                0x0000000000105c6c                C3Di_TexEnvBind
 .text.C3D_ProcTexInit
                0x0000000000105c90       0x70 /opt/devkitpro/libctru/lib/libcitro3d.a(proctex.o)
                0x0000000000105c90                C3D_ProcTexInit
 .text.C3D_ProcTexBind
                0x0000000000105d00       0x54 /opt/devkitpro/libctru/lib/libcitro3d.a(proctex.o)
                0x0000000000105d00                C3D_ProcTexBind
 .text.C3D_ProcTexLutBind
                0x0000000000105d54       0x5c /opt/devkitpro/libctru/lib/libcitro3d.a(proctex.o)
                0x0000000000105d54                C3D_ProcTexLutBind
 .text.ProcTexLut_FromArray
                0x0000000000105db0       0xa4 /opt/devkitpro/libctru/lib/libcitro3d.a(proctex.o)
                0x0000000000105db0                ProcTexLut_FromArray
 .text.C3Di_ProcTexUpdate
                0x0000000000105e54      0x17c /opt/devkitpro/libctru/lib/libcitro3d.a(proctex.o)
                0x0000000000105e54                C3Di_ProcTexUpdate
 .text.C3Di_ProcTexDirty
                0x0000000000105fd0       0x68 /opt/devkitpro/libctru/lib/libcitro3d.a(proctex.o)
                0x0000000000105fd0                C3Di_ProcTexDirty
 .text.BufInfo_Init
                0x0000000000106038       0x24 /opt/devkitpro/libctru/lib/libcitro3d.a(buffers.o)
                0x0000000000106038                BufInfo_Init
 .text.BufInfo_Add
                0x000000000010605c       0x80 /opt/devkitpro/libctru/lib/libcitro3d.a(buffers.o)
                0x000000000010605c                BufInfo_Add
 .text.C3D_SetBufInfo
                0x00000000001060dc       0x40 /opt/devkitpro/libctru/lib/libcitro3d.a(buffers.o)
                0x00000000001060dc                C3D_SetBufInfo
 .text.C3Di_BufInfoBind
                0x000000000010611c       0x48 /opt/devkitpro/libctru/lib/libcitro3d.a(buffers.o)
                0x000000000010611c                C3Di_BufInfoBind
 .text.C3D_DrawArrays
                0x0000000000106164      0x148 /opt/devkitpro/libctru/lib/libcitro3d.a(drawArrays.o)
                0x0000000000106164                C3D_DrawArrays
 .text.C3D_DepthMap
                0x00000000001062ac       0x40 /opt/devkitpro/libctru/lib/libcitro3d.a(effect.o)
                0x00000000001062ac                C3D_DepthMap
 .text.C3D_CullFace
                0x00000000001062ec       0x1c /opt/devkitpro/libctru/lib/libcitro3d.a(effect.o)
                0x00000000001062ec                C3D_CullFace
 .text.C3D_StencilTest
                0x0000000000106308       0x40 /opt/devkitpro/libctru/lib/libcitro3d.a(effect.o)
                0x0000000000106308                C3D_StencilTest
 .text.C3D_StencilOp
                0x0000000000106348       0x24 /opt/devkitpro/libctru/lib/libcitro3d.a(effect.o)
                0x0000000000106348                C3D_StencilOp
 .text.C3D_BlendingColor
                0x000000000010636c       0x1c /opt/devkitpro/libctru/lib/libcitro3d.a(effect.o)
                0x000000000010636c                C3D_BlendingColor
 .text.C3D_EarlyDepthTest
                0x0000000000106388       0x24 /opt/devkitpro/libctru/lib/libcitro3d.a(effect.o)
                0x0000000000106388                C3D_EarlyDepthTest
 .text.C3D_DepthTest
                0x00000000001063ac       0x2c /opt/devkitpro/libctru/lib/libcitro3d.a(effect.o)
                0x00000000001063ac                C3D_DepthTest
 .text.C3D_AlphaTest
                0x00000000001063d8       0x2c /opt/devkitpro/libctru/lib/libcitro3d.a(effect.o)
                0x00000000001063d8                C3D_AlphaTest
 .text.C3D_AlphaBlend
                0x0000000000106404       0x50 /opt/devkitpro/libctru/lib/libcitro3d.a(effect.o)
                0x0000000000106404                C3D_AlphaBlend
 .text.C3D_FragOpMode
                0x0000000000106454       0x30 /opt/devkitpro/libctru/lib/libcitro3d.a(effect.o)
                0x0000000000106454                C3D_FragOpMode
 .text.C3D_FragOpShadow
                0x0000000000106484       0x44 /opt/devkitpro/libctru/lib/libcitro3d.a(effect.o)
                0x0000000000106484                C3D_FragOpShadow
 .text.C3Di_EffectBind
                0x00000000001064c8      0x1ac /opt/devkitpro/libctru/lib/libcitro3d.a(effect.o)
                0x00000000001064c8                C3Di_EffectBind
 .text.AttrInfo_Init
                0x0000000000106674       0x28 /opt/devkitpro/libctru/lib/libcitro3d.a(attribs.o)
                0x0000000000106674                AttrInfo_Init
 .text.AttrInfo_AddLoader
                0x000000000010669c       0x98 /opt/devkitpro/libctru/lib/libcitro3d.a(attribs.o)
                0x000000000010669c                AttrInfo_AddLoader
 .text.C3D_SetAttrInfo
                0x0000000000106734       0x54 /opt/devkitpro/libctru/lib/libcitro3d.a(attribs.o)
                0x0000000000106734                C3D_SetAttrInfo
 .text.C3Di_AttrInfoBind
                0x0000000000106788       0x80 /opt/devkitpro/libctru/lib/libcitro3d.a(attribs.o)
                0x0000000000106788                C3Di_AttrInfoBind
 .text.C3D_ImmSendAttrib
                0x0000000000106808       0xa8 /opt/devkitpro/libctru/lib/libcitro3d.a(immediate.o)
                0x0000000000106808                C3D_ImmSendAttrib
 .text.C3D_UpdateUniforms
                0x00000000001068b0      0x29c /opt/devkitpro/libctru/lib/libcitro3d.a(uniforms.o)
                0x00000000001068b0                C3D_UpdateUniforms
 .text.C3Di_DirtyUniforms
                0x0000000000106b4c       0xc0 /opt/devkitpro/libctru/lib/libcitro3d.a(uniforms.o)
                0x0000000000106b4c                C3Di_DirtyUniforms
 .text.C3Di_LoadShaderUniforms
                0x0000000000106c0c       0xd8 /opt/devkitpro/libctru/lib/libcitro3d.a(uniforms.o)
                0x0000000000106c0c                C3Di_LoadShaderUniforms
 .text.C3Di_ClearShaderUniforms
                0x0000000000106ce4       0x28 /opt/devkitpro/libctru/lib/libcitro3d.a(uniforms.o)
                0x0000000000106ce4                C3Di_ClearShaderUniforms
 .text.Mtx_Ortho
                0x0000000000106d0c       0xcc /opt/devkitpro/libctru/lib/libcitro3d.a(mtx_ortho.o)
                0x0000000000106d0c                Mtx_Ortho
 .text.Mtx_OrthoTilt
                0x0000000000106dd8       0xcc /opt/devkitpro/libctru/lib/libcitro3d.a(mtx_orthotilt.o)
                0x0000000000106dd8                Mtx_OrthoTilt
 .text._ZL21addrMapNodeComparatorPK11rbtree_nodeS1_
                0x0000000000106ea4       0x24 /opt/devkitpro/libctru/lib/libctru.a(vram.o)
 .text._ZL21addrMapNodeDestructorP11rbtree_node
                0x0000000000106ec8        0x4 /opt/devkitpro/libctru/lib/libctru.a(vram.o)
 .text.vramMemAlign
                0x0000000000106ecc      0x114 /opt/devkitpro/libctru/lib/libctru.a(vram.o)
                0x0000000000106ecc                vramMemAlign
 .text.vramAlloc
                0x0000000000106fe0        0x8 /opt/devkitpro/libctru/lib/libctru.a(vram.o)
                0x0000000000106fe0                vramAlloc
 .text.vramFree
                0x0000000000106fe8       0x5c /opt/devkitpro/libctru/lib/libctru.a(vram.o)
                0x0000000000106fe8                vramFree
 .text._ZL21addrMapNodeComparatorPK11rbtree_nodeS1_
                0x0000000000107044       0x24 /opt/devkitpro/libctru/lib/libctru.a(linear.o)
 .text._ZL21addrMapNodeDestructorP11rbtree_node
                0x0000000000107068        0x4 /opt/devkitpro/libctru/lib/libctru.a(linear.o)
 .text.linearMemAlign
                0x000000000010706c      0x120 /opt/devkitpro/libctru/lib/libctru.a(linear.o)
                0x000000000010706c                linearMemAlign
 .text.linearAlloc
                0x000000000010718c        0x8 /opt/devkitpro/libctru/lib/libctru.a(linear.o)
                0x000000000010718c                linearAlloc
 .text.linearFree
                0x0000000000107194       0x5c /opt/devkitpro/libctru/lib/libctru.a(linear.o)
                0x0000000000107194                linearFree
 .text._ZN7MemPool13CoalesceRightEP8MemBlock
                0x00000000001071f0       0x84 /opt/devkitpro/libctru/lib/libctru.a(mem_pool.o)
                0x00000000001071f0                MemPool::CoalesceRight(MemBlock*)
 .text._ZN7MemPool8AllocateER8MemChunkmi
                0x0000000000107274      0x170 /opt/devkitpro/libctru/lib/libctru.a(mem_pool.o)
                0x0000000000107274                MemPool::Allocate(MemChunk&, unsigned long, int)
 .text._ZN7MemPool10DeallocateERK8MemChunk
                0x00000000001073e4       0xfc /opt/devkitpro/libctru/lib/libctru.a(mem_pool.o)
                0x00000000001073e4                MemPool::Deallocate(MemChunk const&)
 .text.romfs_close
                0x00000000001074e0        0x8 /opt/devkitpro/libctru/lib/libctru.a(romfs_dev.o)
 .text.romfs_seek
                0x00000000001074e8       0xc8 /opt/devkitpro/libctru/lib/libctru.a(romfs_dev.o)
 .text.romfs_dirreset
                0x00000000001075b0       0x24 /opt/devkitpro/libctru/lib/libctru.a(romfs_dev.o)
 .text.fill_dir
                0x00000000001075d4       0xc8 /opt/devkitpro/libctru/lib/libctru.a(romfs_dev.o)
 .text.romfs_dirnext
                0x000000000010769c      0x2b0 /opt/devkitpro/libctru/lib/libctru.a(romfs_dev.o)
 .text.romfs_free
                0x000000000010794c       0x84 /opt/devkitpro/libctru/lib/libctru.a(romfs_dev.o)
 .text.searchForFile.constprop.0
                0x00000000001079d0       0xd4 /opt/devkitpro/libctru/lib/libctru.a(romfs_dev.o)
 .text.searchForDir.constprop.0
                0x0000000000107aa4       0xd8 /opt/devkitpro/libctru/lib/libctru.a(romfs_dev.o)
 .text.navigateToDir.constprop.0
                0x0000000000107b7c      0x1c0 /opt/devkitpro/libctru/lib/libctru.a(romfs_dev.o)
 .text.romfs_open
                0x0000000000107d3c      0x128 /opt/devkitpro/libctru/lib/libctru.a(romfs_dev.o)
 .text.romfs_chdir
                0x0000000000107e64       0x4c /opt/devkitpro/libctru/lib/libctru.a(romfs_dev.o)
 .text.romfs_diropen
                0x0000000000107eb0       0x70 /opt/devkitpro/libctru/lib/libctru.a(romfs_dev.o)
 .text.romfs_stat
                0x0000000000107f20      0x17c /opt/devkitpro/libctru/lib/libctru.a(romfs_dev.o)
 .text.romfs_dirclose
                0x000000000010809c        0x8 /opt/devkitpro/libctru/lib/libctru.a(romfs_dev.o)
 .text.romfs_fstat
                0x00000000001080a4       0x7c /opt/devkitpro/libctru/lib/libctru.a(romfs_dev.o)
 .text.romfs_read
                0x0000000000108120       0xd4 /opt/devkitpro/libctru/lib/libctru.a(romfs_dev.o)
 .text.romfsMountFromFile
                0x00000000001081f4      0x290 /opt/devkitpro/libctru/lib/libctru.a(romfs_dev.o)
                0x00000000001081f4                romfsMountFromFile
 .text.romfsMountFromCurrentProcess
                0x0000000000108484       0x98 /opt/devkitpro/libctru/lib/libctru.a(romfs_dev.o)
                0x0000000000108484                romfsMountFromCurrentProcess
 .text.romfsMountSelf
                0x000000000010851c      0x25c /opt/devkitpro/libctru/lib/libctru.a(romfs_dev.o)
                0x000000000010851c                romfsMountSelf
 .text.romfsUnmount
                0x0000000000108778       0xac /opt/devkitpro/libctru/lib/libctru.a(romfs_dev.o)
                0x0000000000108778                romfsUnmount
 .text.osConvertVirtToPhys
                0x0000000000108824       0x74 /opt/devkitpro/libctru/lib/libctru.a(os.o)
                0x0000000000108824                osConvertVirtToPhys
 .text.osGetTimeRef
                0x0000000000108898       0x54 /opt/devkitpro/libctru/lib/libctru.a(os.o)
                0x0000000000108898                osGetTimeRef
 .text.osGetTime
                0x00000000001088ec       0xe4 /opt/devkitpro/libctru/lib/libctru.a(os.o)
                0x00000000001088ec                osGetTime
 .text.__libctru_gtod
                0x00000000001089d0       0x74 /opt/devkitpro/libctru/lib/libctru.a(os.o)
                0x00000000001089d0                __libctru_gtod
 .text.__ctru_speedup_config
                0x0000000000108a44       0x34 /opt/devkitpro/libctru/lib/libctru.a(os.o)
                0x0000000000108a44                __ctru_speedup_config
 .text.consoleDrawChar
                0x0000000000108a78      0x178 /opt/devkitpro/libctru/lib/libctru.a(console.o)
                0x0000000000108a78                consoleDrawChar
 .text.consolePrintChar
                0x0000000000108bf0      0x124 /opt/devkitpro/libctru/lib/libctru.a(console.o)
                0x0000000000108bf0                consolePrintChar
 .text.con_write
                0x0000000000108d14      0xa00 /opt/devkitpro/libctru/lib/libctru.a(console.o)
                0x0000000000108d14                con_write
 .text.consoleInit
                0x0000000000109714      0x168 /opt/devkitpro/libctru/lib/libctru.a(console.o)
                0x0000000000109714                consoleInit
 .text.newRow   0x000000000010987c       0xf4 /opt/devkitpro/libctru/lib/libctru.a(console.o)
 .text.fontEnsureMapped
                0x0000000000109970       0x9c /opt/devkitpro/libctru/lib/libctru.a(font.o)
                0x0000000000109970                fontEnsureMapped
 .text.fontFixPointers
                0x0000000000109a0c       0x7c /opt/devkitpro/libctru/lib/libctru.a(font.o)
                0x0000000000109a0c                fontFixPointers
 .text.fontGlyphIndexFromCodePoint
                0x0000000000109a88       0xfc /opt/devkitpro/libctru/lib/libctru.a(font.o)
                0x0000000000109a88                fontGlyphIndexFromCodePoint
 .text.fontGetCharWidthInfo
                0x0000000000109b84       0x6c /opt/devkitpro/libctru/lib/libctru.a(font.o)
                0x0000000000109b84                fontGetCharWidthInfo
 .text.fontCalcGlyphPos
                0x0000000000109bf0      0x1c0 /opt/devkitpro/libctru/lib/libctru.a(font.o)
                0x0000000000109bf0                fontCalcGlyphPos
 .text.gfxPresentFramebuffer
                0x0000000000109db0       0xd0 /opt/devkitpro/libctru/lib/libctru.a(gfx.o)
 .text.gfxIsWide
                0x0000000000109e80       0x1c /opt/devkitpro/libctru/lib/libctru.a(gfx.o)
                0x0000000000109e80                gfxIsWide
 .text.gfxSetScreenFormat
                0x0000000000109e9c       0xec /opt/devkitpro/libctru/lib/libctru.a(gfx.o)
                0x0000000000109e9c                gfxSetScreenFormat
 .text.gfxSetDoubleBuffering
                0x0000000000109f88       0x10 /opt/devkitpro/libctru/lib/libctru.a(gfx.o)
                0x0000000000109f88                gfxSetDoubleBuffering
 .text.gfxInit  0x0000000000109f98      0x108 /opt/devkitpro/libctru/lib/libctru.a(gfx.o)
                0x0000000000109f98                gfxInit
 .text.gfxInitDefault
                0x000000000010a0a0       0x10 /opt/devkitpro/libctru/lib/libctru.a(gfx.o)
                0x000000000010a0a0                gfxInitDefault
 .text.gfxExit  0x000000000010a0b0       0xb4 /opt/devkitpro/libctru/lib/libctru.a(gfx.o)
                0x000000000010a0b0                gfxExit
 .text.gfxGetFramebuffer
                0x000000000010a164       0xa0 /opt/devkitpro/libctru/lib/libctru.a(gfx.o)
                0x000000000010a164                gfxGetFramebuffer
 .text.gfxFlushBuffers
                0x000000000010a204      0x10c /opt/devkitpro/libctru/lib/libctru.a(gfx.o)
                0x000000000010a204                gfxFlushBuffers
 .text.gfxScreenSwapBuffers
                0x000000000010a310       0x30 /opt/devkitpro/libctru/lib/libctru.a(gfx.o)
                0x000000000010a310                gfxScreenSwapBuffers
 .text.gfxSwapBuffersGpu
                0x000000000010a340       0x50 /opt/devkitpro/libctru/lib/libctru.a(gfx.o)
                0x000000000010a340                gfxSwapBuffersGpu
 .text.shaderInstanceInit
                0x000000000010a390      0x1e0 /opt/devkitpro/libctru/lib/libctru.a(shaderProgram.o)
                0x000000000010a390                shaderInstanceInit
 .text.shaderInstanceGetUniformLocation
                0x000000000010a570       0x18 /opt/devkitpro/libctru/lib/libctru.a(shaderProgram.o)
                0x000000000010a570                shaderInstanceGetUniformLocation
 .text.shaderProgramInit
                0x000000000010a588       0x1c /opt/devkitpro/libctru/lib/libctru.a(shaderProgram.o)
                0x000000000010a588                shaderProgramInit
 .text.shaderProgramFree
                0x000000000010a5a4       0x64 /opt/devkitpro/libctru/lib/libctru.a(shaderProgram.o)
                0x000000000010a5a4                shaderProgramFree
 .text.shaderProgramSetVsh
                0x000000000010a608       0x80 /opt/devkitpro/libctru/lib/libctru.a(shaderProgram.o)
                0x000000000010a608                shaderProgramSetVsh
 .text.shaderProgramConfigure
                0x000000000010a688      0x8c0 /opt/devkitpro/libctru/lib/libctru.a(shaderProgram.o)
                0x000000000010a688                shaderProgramConfigure
 .text.DVLE_GenerateOutmap.part.0
                0x000000000010af48      0x1f8 /opt/devkitpro/libctru/lib/libctru.a(shbin.o)
 .text.DVLB_ParseFile
                0x000000000010b140      0x1cc /opt/devkitpro/libctru/lib/libctru.a(shbin.o)
                0x000000000010b140                DVLB_ParseFile
 .text.DVLB_Free
                0x000000000010b30c       0x38 /opt/devkitpro/libctru/lib/libctru.a(shbin.o)
                0x000000000010b30c                DVLB_Free
 .text.DVLE_GetUniformRegister
                0x000000000010b344       0x74 /opt/devkitpro/libctru/lib/libctru.a(shbin.o)
                0x000000000010b344                DVLE_GetUniformRegister
 .text.GX_BindQueue
                0x000000000010b3b8       0x10 /opt/devkitpro/libctru/lib/libctru.a(gx.o)
                0x000000000010b3b8                GX_BindQueue
 .text.GX_ProcessCommandList
                0x000000000010b3c8       0x78 /opt/devkitpro/libctru/lib/libctru.a(gx.o)
                0x000000000010b3c8                GX_ProcessCommandList
 .text.GX_MemoryFill
                0x000000000010b440       0x74 /opt/devkitpro/libctru/lib/libctru.a(gx.o)
                0x000000000010b440                GX_MemoryFill
 .text.GX_DisplayTransfer
                0x000000000010b4b4       0x70 /opt/devkitpro/libctru/lib/libctru.a(gx.o)
                0x000000000010b4b4                GX_DisplayTransfer
 .text.GX_TextureCopy
                0x000000000010b524       0x74 /opt/devkitpro/libctru/lib/libctru.a(gx.o)
                0x000000000010b524                GX_TextureCopy
 .text.gxCmdQueueDoCommands.part.0
                0x000000000010b598       0x68 /opt/devkitpro/libctru/lib/libctru.a(gxqueue.o)
 .text.gxCmdQueueInterrupt
                0x000000000010b600       0xc8 /opt/devkitpro/libctru/lib/libctru.a(gxqueue.o)
                0x000000000010b600                gxCmdQueueInterrupt
 .text.gxCmdQueueClear
                0x000000000010b6c8       0x4c /opt/devkitpro/libctru/lib/libctru.a(gxqueue.o)
                0x000000000010b6c8                gxCmdQueueClear
 .text.gxCmdQueueAdd
                0x000000000010b714       0xf8 /opt/devkitpro/libctru/lib/libctru.a(gxqueue.o)
                0x000000000010b714                gxCmdQueueAdd
 .text.gxCmdQueueRun
                0x000000000010b80c       0x80 /opt/devkitpro/libctru/lib/libctru.a(gxqueue.o)
                0x000000000010b80c                gxCmdQueueRun
 .text.gxCmdQueueStop
                0x000000000010b88c       0x60 /opt/devkitpro/libctru/lib/libctru.a(gxqueue.o)
                0x000000000010b88c                gxCmdQueueStop
 .text.gxCmdQueueWait
                0x000000000010b8ec       0x74 /opt/devkitpro/libctru/lib/libctru.a(gxqueue.o)
                0x000000000010b8ec                gxCmdQueueWait
 .text.GPUCMD_Add
                0x000000000010b960      0x13c /opt/devkitpro/libctru/lib/libctru.a(gpu.o)
                0x000000000010b960                GPUCMD_Add
 .text.GPUCMD_Split
                0x000000000010ba9c       0xac /opt/devkitpro/libctru/lib/libctru.a(gpu.o)
                0x000000000010ba9c                GPUCMD_Split
 .text.f32tof16
                0x000000000010bb48       0x40 /opt/devkitpro/libctru/lib/libctru.a(gpu.o)
                0x000000000010bb48                f32tof16
 .text.f32tof24
                0x000000000010bb88       0x40 /opt/devkitpro/libctru/lib/libctru.a(gpu.o)
                0x000000000010bb88                f32tof24
 .text.f32tof31
                0x000000000010bbc8       0x44 /opt/devkitpro/libctru/lib/libctru.a(gpu.o)
                0x000000000010bbc8                f32tof31
 .text.cfguInit
                0x000000000010bc0c       0xa4 /opt/devkitpro/libctru/lib/libctru.a(cfgu.o)
                0x000000000010bc0c                cfguInit
 .text.gspHardwareInit
                0x000000000010bcb0      0xc58 /opt/devkitpro/libctru/lib/libctru.a(gspgpu.o)
 .text.gspInit  0x000000000010c908      0x254 /opt/devkitpro/libctru/lib/libctru.a(gspgpu.o)
                0x000000000010c908                gspInit
 .text.gspExit  0x000000000010cb5c       0xf0 /opt/devkitpro/libctru/lib/libctru.a(gspgpu.o)
                0x000000000010cb5c                gspExit
 .text.gspHasGpuRight
                0x000000000010cc4c       0x10 /opt/devkitpro/libctru/lib/libctru.a(gspgpu.o)
                0x000000000010cc4c                gspHasGpuRight
 .text.gspPresentBuffer
                0x000000000010cc5c       0x98 /opt/devkitpro/libctru/lib/libctru.a(gspgpu.o)
                0x000000000010cc5c                gspPresentBuffer
 .text.gspSetEventCallback
                0x000000000010ccf4       0x30 /opt/devkitpro/libctru/lib/libctru.a(gspgpu.o)
                0x000000000010ccf4                gspSetEventCallback
 .text.gspWaitForEvent
                0x000000000010cd24       0x50 /opt/devkitpro/libctru/lib/libctru.a(gspgpu.o)
                0x000000000010cd24                gspWaitForEvent
 .text.gspWaitForAnyEvent
                0x000000000010cd74       0x4c /opt/devkitpro/libctru/lib/libctru.a(gspgpu.o)
                0x000000000010cd74                gspWaitForAnyEvent
 .text.gspEventThreadMain
                0x000000000010cdc0      0x160 /opt/devkitpro/libctru/lib/libctru.a(gspgpu.o)
 .text.gspSubmitGxCommand
                0x000000000010cf20      0x130 /opt/devkitpro/libctru/lib/libctru.a(gspgpu.o)
                0x000000000010cf20                gspSubmitGxCommand
 .text.GSPGPU_FlushDataCache
                0x000000000010d050       0x50 /opt/devkitpro/libctru/lib/libctru.a(gspgpu.o)
                0x000000000010d050                GSPGPU_FlushDataCache
 .text.GSPGPU_SetLcdForceBlack
                0x000000000010d0a0       0x34 /opt/devkitpro/libctru/lib/libctru.a(gspgpu.o)
                0x000000000010d0a0                GSPGPU_SetLcdForceBlack
 .text.GSPGPU_AcquireRight
                0x000000000010d0d4       0x68 /opt/devkitpro/libctru/lib/libctru.a(gspgpu.o)
                0x000000000010d0d4                GSPGPU_AcquireRight
 .text.GSPGPU_ReleaseRight
                0x000000000010d13c       0x48 /opt/devkitpro/libctru/lib/libctru.a(gspgpu.o)
                0x000000000010d13c                GSPGPU_ReleaseRight
 .text.GSPGPU_ImportDisplayCaptureInfo
                0x000000000010d184       0x7c /opt/devkitpro/libctru/lib/libctru.a(gspgpu.o)
                0x000000000010d184                GSPGPU_ImportDisplayCaptureInfo
 .text.GSPGPU_SaveVramSysArea
                0x000000000010d200       0x2c /opt/devkitpro/libctru/lib/libctru.a(gspgpu.o)
                0x000000000010d200                GSPGPU_SaveVramSysArea
 .text.GSPGPU_RestoreVramSysArea
                0x000000000010d22c       0x2c /opt/devkitpro/libctru/lib/libctru.a(gspgpu.o)
                0x000000000010d22c                GSPGPU_RestoreVramSysArea
 .text.aptConvertScreenForCapture
                0x000000000010d258      0x1b0 /opt/devkitpro/libctru/lib/libctru.a(apt.o)
 .text.aptDspSleep
                0x000000000010d408        0x8 /opt/devkitpro/libctru/lib/libctru.a(apt.o)
                0x000000000010d408                aptDspSleep
 .text.aptDspWakeup
                0x000000000010d410        0x4 /opt/devkitpro/libctru/lib/libctru.a(apt.o)
                0x000000000010d410                aptDspWakeup
 .text.aptDspCancel
                0x000000000010d414        0x4 /opt/devkitpro/libctru/lib/libctru.a(apt.o)
                0x000000000010d414                aptDspCancel
 .text.aptSendCommand
                0x000000000010d418      0x15c /opt/devkitpro/libctru/lib/libctru.a(apt.o)
                0x000000000010d418                aptSendCommand
 .text.aptExitProcess
                0x000000000010d574       0x38 /opt/devkitpro/libctru/lib/libctru.a(apt.o)
 .text.aptExit  0x000000000010d5ac      0x2f0 /opt/devkitpro/libctru/lib/libctru.a(apt.o)
                0x000000000010d5ac                aptExit
 .text.aptHandleSleep
                0x000000000010d89c       0xd8 /opt/devkitpro/libctru/lib/libctru.a(apt.o)
                0x000000000010d89c                aptHandleSleep
 .text.aptHook  0x000000000010d974       0x30 /opt/devkitpro/libctru/lib/libctru.a(apt.o)
                0x000000000010d974                aptHook
 .text.aptUnhook
                0x000000000010d9a4       0x30 /opt/devkitpro/libctru/lib/libctru.a(apt.o)
                0x000000000010d9a4                aptUnhook
 .text.APT_SleepIfShellClosed
                0x000000000010d9d4       0x84 /opt/devkitpro/libctru/lib/libctru.a(apt.o)
                0x000000000010d9d4                APT_SleepIfShellClosed
 .text.aptSetSleepAllowed
                0x000000000010da58       0x84 /opt/devkitpro/libctru/lib/libctru.a(apt.o)
                0x000000000010da58                aptSetSleepAllowed
 .text.APT_UnlockTransition
                0x000000000010dadc       0x84 /opt/devkitpro/libctru/lib/libctru.a(apt.o)
                0x000000000010dadc                APT_UnlockTransition
 .text.aptEventHandler
                0x000000000010db60      0x484 /opt/devkitpro/libctru/lib/libctru.a(apt.o)
 .text.APT_ReceiveParameter
                0x000000000010dfe4       0xb0 /opt/devkitpro/libctru/lib/libctru.a(apt.o)
                0x000000000010dfe4                APT_ReceiveParameter
 .text.aptReceiveParameter.constprop.0
                0x000000000010e094       0xb0 /opt/devkitpro/libctru/lib/libctru.a(apt.o)
 *fill*         0x000000000010e144        0x4 
 .text.aptScreenTransfer
                0x000000000010e148      0x2bc /opt/devkitpro/libctru/lib/libctru.a(apt.o)
 .text.aptWaitForWakeUp.isra.0
                0x000000000010e404      0x2d0 /opt/devkitpro/libctru/lib/libctru.a(apt.o)
 .text.aptJumpToHomeMenu
                0x000000000010e6d4       0xf8 /opt/devkitpro/libctru/lib/libctru.a(apt.o)
                0x000000000010e6d4                aptJumpToHomeMenu
 .text.aptMainLoop
                0x000000000010e7cc       0x4c /opt/devkitpro/libctru/lib/libctru.a(apt.o)
                0x000000000010e7cc                aptMainLoop
 .text.aptInit  0x000000000010e818      0x234 /opt/devkitpro/libctru/lib/libctru.a(apt.o)
                0x000000000010e818                aptInit
 .text.APT_CheckNew3DS
                0x000000000010ea4c       0x7c /opt/devkitpro/libctru/lib/libctru.a(apt.o)
                0x000000000010ea4c                APT_CheckNew3DS
 .text.APT_GetSharedFont
                0x000000000010eac8       0x48 /opt/devkitpro/libctru/lib/libctru.a(apt.o)
                0x000000000010eac8                APT_GetSharedFont
 .text.hidShouldUseIrrst
                0x000000000010eb10       0x24 /opt/devkitpro/libctru/lib/libctru.a(hid.o)
                0x000000000010eb10                hidShouldUseIrrst
 .text.hidInit  0x000000000010eb34      0x18c /opt/devkitpro/libctru/lib/libctru.a(hid.o)
                0x000000000010eb34                hidInit
 .text.hidExit  0x000000000010ecc0       0xe8 /opt/devkitpro/libctru/lib/libctru.a(hid.o)
                0x000000000010ecc0                hidExit
 .text.hidScanInput
                0x000000000010eda8      0x294 /opt/devkitpro/libctru/lib/libctru.a(hid.o)
                0x000000000010eda8                hidScanInput
 .text.hidKeysDown
                0x000000000010f03c       0x10 /opt/devkitpro/libctru/lib/libctru.a(hid.o)
                0x000000000010f03c                hidKeysDown
 .text.ptmSysmInit
                0x000000000010f04c       0x74 /opt/devkitpro/libctru/lib/libctru.a(ptmsysm.o)
                0x000000000010f04c                ptmSysmInit
 .text.ptmSysmExit
                0x000000000010f0c0       0x3c /opt/devkitpro/libctru/lib/libctru.a(ptmsysm.o)
                0x000000000010f0c0                ptmSysmExit
 .text.PTMSYSM_ConfigureNew3DSCPU
                0x000000000010f0fc       0x34 /opt/devkitpro/libctru/lib/libctru.a(ptmsysm.o)
                0x000000000010f0fc                PTMSYSM_ConfigureNew3DSCPU
 .text.fsInit   0x000000000010f130       0xc8 /opt/devkitpro/libctru/lib/libctru.a(fs.o)
                0x000000000010f130                fsInit
 .text.fsExit   0x000000000010f1f8       0x3c /opt/devkitpro/libctru/lib/libctru.a(fs.o)
                0x000000000010f1f8                fsExit
 .text.fsExemptFromSession
                0x000000000010f234       0x60 /opt/devkitpro/libctru/lib/libctru.a(fs.o)
                0x000000000010f234                fsExemptFromSession
 .text.fsUnexemptFromSession
                0x000000000010f294       0x50 /opt/devkitpro/libctru/lib/libctru.a(fs.o)
                0x000000000010f294                fsUnexemptFromSession
 .text.FSUSER_OpenFile
                0x000000000010f2e4       0xcc /opt/devkitpro/libctru/lib/libctru.a(fs.o)
                0x000000000010f2e4                FSUSER_OpenFile
 .text.FSUSER_OpenFileDirectly
                0x000000000010f3b0       0xd4 /opt/devkitpro/libctru/lib/libctru.a(fs.o)
                0x000000000010f3b0                FSUSER_OpenFileDirectly
 .text.FSUSER_DeleteFile
                0x000000000010f484       0xbc /opt/devkitpro/libctru/lib/libctru.a(fs.o)
                0x000000000010f484                FSUSER_DeleteFile
 .text.FSUSER_RenameFile
                0x000000000010f540       0xf8 /opt/devkitpro/libctru/lib/libctru.a(fs.o)
                0x000000000010f540                FSUSER_RenameFile
 .text.FSUSER_DeleteDirectory
                0x000000000010f638       0xbc /opt/devkitpro/libctru/lib/libctru.a(fs.o)
                0x000000000010f638                FSUSER_DeleteDirectory
 .text.FSUSER_CreateFile
                0x000000000010f6f4       0xd4 /opt/devkitpro/libctru/lib/libctru.a(fs.o)
                0x000000000010f6f4                FSUSER_CreateFile
 .text.FSUSER_CreateDirectory
                0x000000000010f7c8       0xc4 /opt/devkitpro/libctru/lib/libctru.a(fs.o)
                0x000000000010f7c8                FSUSER_CreateDirectory
 .text.FSUSER_RenameDirectory
                0x000000000010f88c       0xf8 /opt/devkitpro/libctru/lib/libctru.a(fs.o)
                0x000000000010f88c                FSUSER_RenameDirectory
 .text.FSUSER_OpenDirectory
                0x000000000010f984       0xb4 /opt/devkitpro/libctru/lib/libctru.a(fs.o)
                0x000000000010f984                FSUSER_OpenDirectory
 .text.FSUSER_OpenArchive
                0x000000000010fa38       0x94 /opt/devkitpro/libctru/lib/libctru.a(fs.o)
                0x000000000010fa38                FSUSER_OpenArchive
 .text.FSUSER_CloseArchive
                0x000000000010facc       0x8c /opt/devkitpro/libctru/lib/libctru.a(fs.o)
                0x000000000010facc                FSUSER_CloseArchive
 .text.FSUSER_GetSdmcArchiveResource
                0x000000000010fb58       0x74 /opt/devkitpro/libctru/lib/libctru.a(fs.o)
                0x000000000010fb58                FSUSER_GetSdmcArchiveResource
 .text.FSUSER_IsSdmcWritable
                0x000000000010fbcc       0x64 /opt/devkitpro/libctru/lib/libctru.a(fs.o)
                0x000000000010fbcc                FSUSER_IsSdmcWritable
 .text.FSFILE_Read
                0x000000000010fc30       0x58 /opt/devkitpro/libctru/lib/libctru.a(fs.o)
                0x000000000010fc30                FSFILE_Read
 .text.FSFILE_Write
                0x000000000010fc88       0x60 /opt/devkitpro/libctru/lib/libctru.a(fs.o)
                0x000000000010fc88                FSFILE_Write
 .text.FSFILE_GetSize
                0x000000000010fce8       0x38 /opt/devkitpro/libctru/lib/libctru.a(fs.o)
                0x000000000010fce8                FSFILE_GetSize
 .text.FSFILE_SetSize
                0x000000000010fd20       0x28 /opt/devkitpro/libctru/lib/libctru.a(fs.o)
                0x000000000010fd20                FSFILE_SetSize
 .text.FSFILE_Close
                0x000000000010fd48       0x3c /opt/devkitpro/libctru/lib/libctru.a(fs.o)
                0x000000000010fd48                FSFILE_Close
 .text.FSFILE_Flush
                0x000000000010fd84       0x24 /opt/devkitpro/libctru/lib/libctru.a(fs.o)
                0x000000000010fd84                FSFILE_Flush
 .text.FSDIR_Read
                0x000000000010fda8       0x50 /opt/devkitpro/libctru/lib/libctru.a(fs.o)
                0x000000000010fda8                FSDIR_Read
 .text.FSDIR_Close
                0x000000000010fdf8       0x3c /opt/devkitpro/libctru/lib/libctru.a(fs.o)
                0x000000000010fdf8                FSDIR_Close
 .text.buffer_read
                0x000000000010fe34       0xcc /opt/devkitpro/libctru/lib/libctru.a(decompress.o)
 .text.iov_read
                0x000000000010ff00       0xd0 /opt/devkitpro/libctru/lib/libctru.a(decompress.o)
 .text.iov_memmove
                0x000000000010ffd0      0x128 /opt/devkitpro/libctru/lib/libctru.a(decompress.o)
 .text.decompress_rle
                0x00000000001100f8      0x1d8 /opt/devkitpro/libctru/lib/libctru.a(decompress.o)
 .text.decompress_lzss
                0x00000000001102d0      0x258 /opt/devkitpro/libctru/lib/libctru.a(decompress.o)
 .text.decompress_huff.part.0
                0x0000000000110528      0x2ec /opt/devkitpro/libctru/lib/libctru.a(decompress.o)
 .text.decompress_lz11
                0x0000000000110814      0x440 /opt/devkitpro/libctru/lib/libctru.a(decompress.o)
 .text.decompressCallback_Stdio
                0x0000000000110c54       0x10 /opt/devkitpro/libctru/lib/libctru.a(decompress.o)
                0x0000000000110c54                decompressCallback_Stdio
 .text.decompressHeader
                0x0000000000110c64       0xe4 /opt/devkitpro/libctru/lib/libctru.a(decompress.o)
                0x0000000000110c64                decompressHeader
 .text.decompressV
                0x0000000000110d48      0x250 /opt/devkitpro/libctru/lib/libctru.a(decompress.o)
                0x0000000000110d48                decompressV
 .text.rbtree_init
                0x0000000000110f98       0x10 /opt/devkitpro/libctru/lib/libctru.a(rbtree_init.o)
                0x0000000000110f98                rbtree_init
 .text.do_insert
                0x0000000000110fa8      0x1a0 /opt/devkitpro/libctru/lib/libctru.a(rbtree_insert.o)
 .text.rbtree_insert
                0x0000000000111148        0x8 /opt/devkitpro/libctru/lib/libctru.a(rbtree_insert.o)
                0x0000000000111148                rbtree_insert
 .text.rbtree_rotate
                0x0000000000111150       0x90 /opt/devkitpro/libctru/lib/libctru.a(rbtree_rotate.o)
                0x0000000000111150                rbtree_rotate
 .text.rbtree_remove
                0x00000000001111e0      0x338 /opt/devkitpro/libctru/lib/libctru.a(rbtree_remove.o)
                0x00000000001111e0                rbtree_remove
 .text.rbtree_find
                0x0000000000111518       0x74 /opt/devkitpro/libctru/lib/libctru.a(rbtree_find.o)
                0x0000000000111518                rbtree_find
 .text.utf16_to_utf8
                0x000000000011158c       0xe8 /opt/devkitpro/libctru/lib/libctru.a(utf16_to_utf8.o)
                0x000000000011158c                utf16_to_utf8
 .text.decode_utf16
                0x0000000000111674       0x64 /opt/devkitpro/libctru/lib/libctru.a(decode_utf16.o)
                0x0000000000111674                decode_utf16
 .text.decode_utf8
                0x00000000001116d8      0x13c /opt/devkitpro/libctru/lib/libctru.a(decode_utf8.o)
                0x00000000001116d8                decode_utf8
 .text.utf8_to_utf16
                0x0000000000111814       0xc0 /opt/devkitpro/libctru/lib/libctru.a(utf8_to_utf16.o)
                0x0000000000111814                utf8_to_utf16
 *fill*         0x00000000001118d4        0x4 
 .text.__system_allocateHeaps
                0x00000000001118d8      0x1e0 /opt/devkitpro/libctru/lib/libctru.a(allocateHeaps.o)
                0x00000000001118d8                __system_allocateHeaps
 .text.__libctru_init
                0x0000000000111ab8       0x38 /opt/devkitpro/libctru/lib/libctru.a(ctru_init.o)
                0x0000000000111ab8                __libctru_init
 .text.__system_initArgv
                0x0000000000111af0       0xf0 /opt/devkitpro/libctru/lib/libctru.a(initArgv.o)
                0x0000000000111af0                __system_initArgv
 .text.svcControlMemory
                0x0000000000111be0       0x20 /opt/devkitpro/libctru/lib/libctru.a(svc.o)
                0x0000000000111be0                svcControlMemory
 .text.svcQueryMemory
                0x0000000000111c00       0x30 /opt/devkitpro/libctru/lib/libctru.a(svc.o)
                0x0000000000111c00                svcQueryMemory
 .text.svcExitProcess
                0x0000000000111c30        0x8 /opt/devkitpro/libctru/lib/libctru.a(svc.o)
                0x0000000000111c30                svcExitProcess
 .text.svcCreateThread
                0x0000000000111c38       0x20 /opt/devkitpro/libctru/lib/libctru.a(svc.o)
                0x0000000000111c38                svcCreateThread
 .text.svcExitThread
                0x0000000000111c58        0x8 /opt/devkitpro/libctru/lib/libctru.a(svc.o)
                0x0000000000111c58                svcExitThread
 .text.svcSleepThread
                0x0000000000111c60        0x8 /opt/devkitpro/libctru/lib/libctru.a(svc.o)
                0x0000000000111c60                svcSleepThread
 .text.svcReleaseMutex
                0x0000000000111c68        0x8 /opt/devkitpro/libctru/lib/libctru.a(svc.o)
                0x0000000000111c68                svcReleaseMutex
 .text.svcCreateEvent
                0x0000000000111c70       0x14 /opt/devkitpro/libctru/lib/libctru.a(svc.o)
                0x0000000000111c70                svcCreateEvent
 .text.svcSignalEvent
                0x0000000000111c84        0x8 /opt/devkitpro/libctru/lib/libctru.a(svc.o)
                0x0000000000111c84                svcSignalEvent
 .text.svcClearEvent
                0x0000000000111c8c        0x8 /opt/devkitpro/libctru/lib/libctru.a(svc.o)
                0x0000000000111c8c                svcClearEvent
 .text.svcMapMemoryBlock
                0x0000000000111c94        0x8 /opt/devkitpro/libctru/lib/libctru.a(svc.o)
                0x0000000000111c94                svcMapMemoryBlock
 .text.svcUnmapMemoryBlock
                0x0000000000111c9c        0x8 /opt/devkitpro/libctru/lib/libctru.a(svc.o)
                0x0000000000111c9c                svcUnmapMemoryBlock
 .text.svcCreateAddressArbiter
                0x0000000000111ca4       0x14 /opt/devkitpro/libctru/lib/libctru.a(svc.o)
                0x0000000000111ca4                svcCreateAddressArbiter
 .text.svcArbitrateAddressNoTimeout
                0x0000000000111cb8        0x8 /opt/devkitpro/libctru/lib/libctru.a(svc.o)
                0x0000000000111cb8                svcArbitrateAddressNoTimeout
 .text.svcCloseHandle
                0x0000000000111cc0        0x8 /opt/devkitpro/libctru/lib/libctru.a(svc.o)
                0x0000000000111cc0                svcCloseHandle
 .text.svcWaitSynchronization
                0x0000000000111cc8        0x8 /opt/devkitpro/libctru/lib/libctru.a(svc.o)
                0x0000000000111cc8                svcWaitSynchronization
 .text.svcWaitSynchronizationN
                0x0000000000111cd0       0x28 /opt/devkitpro/libctru/lib/libctru.a(svc.o)
                0x0000000000111cd0                svcWaitSynchronizationN
 .text.svcDuplicateHandle
                0x0000000000111cf8       0x14 /opt/devkitpro/libctru/lib/libctru.a(svc.o)
                0x0000000000111cf8                svcDuplicateHandle
 .text.svcGetSystemTick
                0x0000000000111d0c        0x8 /opt/devkitpro/libctru/lib/libctru.a(svc.o)
                0x0000000000111d0c                svcGetSystemTick
 .text.svcConnectToPort
                0x0000000000111d14       0x14 /opt/devkitpro/libctru/lib/libctru.a(svc.o)
                0x0000000000111d14                svcConnectToPort
 .text.svcSendSyncRequest
                0x0000000000111d28        0x8 /opt/devkitpro/libctru/lib/libctru.a(svc.o)
                0x0000000000111d28                svcSendSyncRequest
 .text.svcGetResourceLimit
                0x0000000000111d30       0x14 /opt/devkitpro/libctru/lib/libctru.a(svc.o)
                0x0000000000111d30                svcGetResourceLimit
 .text.svcGetResourceLimitLimitValues
                0x0000000000111d44        0x8 /opt/devkitpro/libctru/lib/libctru.a(svc.o)
                0x0000000000111d44                svcGetResourceLimitLimitValues
 .text.svcGetResourceLimitCurrentValues
                0x0000000000111d4c        0x8 /opt/devkitpro/libctru/lib/libctru.a(svc.o)
                0x0000000000111d4c                svcGetResourceLimitCurrentValues
 .text.svcBreak
                0x0000000000111d54        0x8 /opt/devkitpro/libctru/lib/libctru.a(svc.o)
                0x0000000000111d54                svcBreak
 .text.initSystem
                0x0000000000111d5c       0x50 /opt/devkitpro/libctru/lib/libctru.a(stack_adjust.o)
                0x0000000000111d5c                initSystem
 .text.__ctru_exit
                0x0000000000111dac       0x18 /opt/devkitpro/libctru/lib/libctru.a(stack_adjust.o)
                0x0000000000111dac                __ctru_exit
 .text.__aeabi_read_tp
                0x0000000000111dc4        0xc /opt/devkitpro/libctru/lib/libctru.a(readtp.o)
                0x0000000000111dc4                __aeabi_read_tp
 .text.__sync_init
                0x0000000000111dd0        0xc /opt/devkitpro/libctru/lib/libctru.a(synchronization.o)
                0x0000000000111dd0                __sync_init
 .text.__sync_fini
                0x0000000000111ddc       0x18 /opt/devkitpro/libctru/lib/libctru.a(synchronization.o)
                0x0000000000111ddc                __sync_fini
 .text.syncArbitrateAddress
                0x0000000000111df4       0x2c /opt/devkitpro/libctru/lib/libctru.a(synchronization.o)
                0x0000000000111df4                syncArbitrateAddress
 .text.LightLock_Init
                0x0000000000111e20       0x1c /opt/devkitpro/libctru/lib/libctru.a(synchronization.o)
                0x0000000000111e20                LightLock_Init
 .text.LightLock_Lock
                0x0000000000111e3c       0x94 /opt/devkitpro/libctru/lib/libctru.a(synchronization.o)
                0x0000000000111e3c                LightLock_Lock
 .text.LightLock_TryLock
                0x0000000000111ed0       0x44 /opt/devkitpro/libctru/lib/libctru.a(synchronization.o)
                0x0000000000111ed0                LightLock_TryLock
 .text.LightLock_Unlock
                0x0000000000111f14       0x40 /opt/devkitpro/libctru/lib/libctru.a(synchronization.o)
                0x0000000000111f14                LightLock_Unlock
 .text.RecursiveLock_Init
                0x0000000000111f54       0x24 /opt/devkitpro/libctru/lib/libctru.a(synchronization.o)
                0x0000000000111f54                RecursiveLock_Init
 .text.RecursiveLock_Lock
                0x0000000000111f78       0x30 /opt/devkitpro/libctru/lib/libctru.a(synchronization.o)
                0x0000000000111f78                RecursiveLock_Lock
 .text.RecursiveLock_TryLock
                0x0000000000111fa8       0x78 /opt/devkitpro/libctru/lib/libctru.a(synchronization.o)
                0x0000000000111fa8                RecursiveLock_TryLock
 .text.RecursiveLock_Unlock
                0x0000000000112020       0x54 /opt/devkitpro/libctru/lib/libctru.a(synchronization.o)
                0x0000000000112020                RecursiveLock_Unlock
 .text.LightEvent_Init
                0x0000000000112074       0x40 /opt/devkitpro/libctru/lib/libctru.a(synchronization.o)
                0x0000000000112074                LightEvent_Init
 .text.LightEvent_Clear
                0x00000000001120b4       0xa4 /opt/devkitpro/libctru/lib/libctru.a(synchronization.o)
                0x00000000001120b4                LightEvent_Clear
 .text.LightEvent_Signal
                0x0000000000112158       0xc8 /opt/devkitpro/libctru/lib/libctru.a(synchronization.o)
                0x0000000000112158                LightEvent_Signal
 .text.LightEvent_TryWait
                0x0000000000112220       0x58 /opt/devkitpro/libctru/lib/libctru.a(synchronization.o)
                0x0000000000112220                LightEvent_TryWait
 .text.LightEvent_Wait
                0x0000000000112278       0xb0 /opt/devkitpro/libctru/lib/libctru.a(synchronization.o)
                0x0000000000112278                LightEvent_Wait
 .text.envGetHandle
                0x0000000000112328       0x84 /opt/devkitpro/libctru/lib/libctru.a(env.o)
                0x0000000000112328                envGetHandle
 .text.envDestroyHandles
                0x00000000001123ac       0x50 /opt/devkitpro/libctru/lib/libctru.a(env.o)
                0x00000000001123ac                envDestroyHandles
 .text.srvInit  0x00000000001123fc      0x124 /opt/devkitpro/libctru/lib/libctru.a(srv.o)
                0x00000000001123fc                srvInit
 .text.srvExit  0x0000000000112520       0x58 /opt/devkitpro/libctru/lib/libctru.a(srv.o)
                0x0000000000112520                srvExit
 .text.srvGetServiceHandleDirect
                0x0000000000112578       0x80 /opt/devkitpro/libctru/lib/libctru.a(srv.o)
                0x0000000000112578                srvGetServiceHandleDirect
 .text.srvGetServiceHandle
                0x00000000001125f8       0x48 /opt/devkitpro/libctru/lib/libctru.a(srv.o)
                0x00000000001125f8                srvGetServiceHandle
 .text.srvPublishToSubscriber
                0x0000000000112640       0x38 /opt/devkitpro/libctru/lib/libctru.a(srv.o)
                0x0000000000112640                srvPublishToSubscriber
 .text.threadCreate
                0x0000000000112678      0x188 /opt/devkitpro/libctru/lib/libctru.a(thread.o)
                0x0000000000112678                threadCreate
 .text.threadFree
                0x0000000000112800       0x2c /opt/devkitpro/libctru/lib/libctru.a(thread.o)
                0x0000000000112800                threadFree
 .text.threadJoin
                0x000000000011282c       0x24 /opt/devkitpro/libctru/lib/libctru.a(thread.o)
                0x000000000011282c                threadJoin
 .text.threadGetCurrent
                0x0000000000112850       0x30 /opt/devkitpro/libctru/lib/libctru.a(thread.o)
                0x0000000000112850                threadGetCurrent
 .text.threadExit
                0x0000000000112880       0x40 /opt/devkitpro/libctru/lib/libctru.a(thread.o)
                0x0000000000112880                threadExit
 .text._thread_begin
                0x00000000001128c0       0x44 /opt/devkitpro/libctru/lib/libctru.a(thread.o)
 .text.mappableFindAddressWithin
                0x0000000000112904       0x94 /opt/devkitpro/libctru/lib/libctru.a(mappable.o)
 .text.mappableInit
                0x0000000000112998       0x28 /opt/devkitpro/libctru/lib/libctru.a(mappable.o)
                0x0000000000112998                mappableInit
 .text.mappableAlloc
                0x00000000001129c0       0x80 /opt/devkitpro/libctru/lib/libctru.a(mappable.o)
                0x00000000001129c0                mappableAlloc
 .text.mappableFree
                0x0000000000112a40        0x4 /opt/devkitpro/libctru/lib/libctru.a(mappable.o)
                0x0000000000112a40                mappableFree
 .text.irrstInit
                0x0000000000112a44      0x160 /opt/devkitpro/libctru/lib/libctru.a(irrst.o)
                0x0000000000112a44                irrstInit
 .text.irrstExit
                0x0000000000112ba4       0xcc /opt/devkitpro/libctru/lib/libctru.a(irrst.o)
                0x0000000000112ba4                irrstExit
 .text.irrstScanInput
                0x0000000000112c70       0xb0 /opt/devkitpro/libctru/lib/libctru.a(irrst.o)
                0x0000000000112c70                irrstScanInput
 .text.irrstKeysHeld
                0x0000000000112d20       0x24 /opt/devkitpro/libctru/lib/libctru.a(irrst.o)
                0x0000000000112d20                irrstKeysHeld
 .text.srvPmGetSessionHandle
                0x0000000000112d44        0xc /opt/devkitpro/libctru/lib/libctru.a(srvpm.o)
                0x0000000000112d44                srvPmGetSessionHandle
 .text.rbtree_node_next
                0x0000000000112d50       0x50 /opt/devkitpro/libctru/lib/libctru.a(rbtree_iterator.o)
                0x0000000000112d50                rbtree_node_next
 .text.encode_utf16
                0x0000000000112da0       0x60 /opt/devkitpro/libctru/lib/libctru.a(encode_utf16.o)
                0x0000000000112da0                encode_utf16
 .text.encode_utf8
                0x0000000000112e00       0xfc /opt/devkitpro/libctru/lib/libctru.a(encode_utf8.o)
                0x0000000000112e00                encode_utf8
 .text.__appInit
                0x0000000000112efc       0x30 /opt/devkitpro/libctru/lib/libctru.a(appInit.o)
                0x0000000000112efc                __appInit
 .text.__libctru_nanosleep
                0x0000000000112f2c       0x30 /opt/devkitpro/libctru/lib/libctru.a(syscalls.o)
 .text.__libctru_get_reent
                0x0000000000112f5c       0x30 /opt/devkitpro/libctru/lib/libctru.a(syscalls.o)
 .text.__system_initSyscalls
                0x0000000000112f8c       0xf8 /opt/devkitpro/libctru/lib/libctru.a(syscalls.o)
                0x0000000000112f8c                __system_initSyscalls
 .text.__appExit
                0x0000000000113084       0x30 /opt/devkitpro/libctru/lib/libctru.a(appExit.o)
                0x0000000000113084                __appExit
 .text.__libctru_exit
                0x00000000001130b4       0x90 /opt/devkitpro/libctru/lib/libctru.a(ctru_exit.o)
                0x00000000001130b4                __libctru_exit
 .text.archive_link
                0x0000000000113144       0x14 /opt/devkitpro/libctru/lib/libctru.a(archive_dev.o)
 .text.archive_dirreset
                0x0000000000113158       0x14 /opt/devkitpro/libctru/lib/libctru.a(archive_dev.o)
 .text.archive_chmod
                0x000000000011316c       0x14 /opt/devkitpro/libctru/lib/libctru.a(archive_dev.o)
 .text.error_cmp
                0x0000000000113180       0x24 /opt/devkitpro/libctru/lib/libctru.a(archive_dev.o)
 .text.archive_translate_error
                0x00000000001131a4       0x50 /opt/devkitpro/libctru/lib/libctru.a(archive_dev.o)
 .text.archive_seek
                0x00000000001131f4       0xd4 /opt/devkitpro/libctru/lib/libctru.a(archive_dev.o)
 .text._archiveInit.part.0
                0x00000000001132c8       0x7c /opt/devkitpro/libctru/lib/libctru.a(archive_dev.o)
 .text.archiveFindDevice.part.0
                0x0000000000113344       0x8c /opt/devkitpro/libctru/lib/libctru.a(archive_dev.o)
 .text.archive_utf16path
                0x00000000001133d0      0x294 /opt/devkitpro/libctru/lib/libctru.a(archive_dev.o)
 .text._archiveUnmountDeviceStruct.part.0
                0x0000000000113664       0xa0 /opt/devkitpro/libctru/lib/libctru.a(archive_dev.o)
 .text.archive_fchmod
                0x0000000000113704       0x14 /opt/devkitpro/libctru/lib/libctru.a(archive_dev.o)
 .text.archive_statvfs
                0x0000000000113718       0x14 /opt/devkitpro/libctru/lib/libctru.a(archive_dev.o)
 .text._archiveMountDevice
                0x000000000011372c      0x158 /opt/devkitpro/libctru/lib/libctru.a(archive_dev.o)
 .text.archive_diropen
                0x0000000000113884       0xe8 /opt/devkitpro/libctru/lib/libctru.a(archive_dev.o)
 .text.archive_fstat
                0x000000000011396c       0xa4 /opt/devkitpro/libctru/lib/libctru.a(archive_dev.o)
 .text.archive_close
                0x0000000000113a10       0x6c /opt/devkitpro/libctru/lib/libctru.a(archive_dev.o)
 .text.archive_fsync
                0x0000000000113a7c       0x6c /opt/devkitpro/libctru/lib/libctru.a(archive_dev.o)
 .text.archive_dirclose
                0x0000000000113ae8       0x70 /opt/devkitpro/libctru/lib/libctru.a(archive_dev.o)
 .text.sdmc_statvfs
                0x0000000000113b58       0xe8 /opt/devkitpro/libctru/lib/libctru.a(archive_dev.o)
 .text.archive_ftruncate
                0x0000000000113c40       0x80 /opt/devkitpro/libctru/lib/libctru.a(archive_dev.o)
 .text.archive_chdir
                0x0000000000113cc0       0xfc /opt/devkitpro/libctru/lib/libctru.a(archive_dev.o)
 .text.archive_read
                0x0000000000113dbc       0xb0 /opt/devkitpro/libctru/lib/libctru.a(archive_dev.o)
 .text.archive_unlink
                0x0000000000113e6c       0xac /opt/devkitpro/libctru/lib/libctru.a(archive_dev.o)
 .text.archive_rmdir
                0x0000000000113f18       0xc8 /opt/devkitpro/libctru/lib/libctru.a(archive_dev.o)
 .text.archive_mkdir
                0x0000000000113fe0       0xec /opt/devkitpro/libctru/lib/libctru.a(archive_dev.o)
 .text.archive_stat
                0x00000000001140cc      0x1a8 /opt/devkitpro/libctru/lib/libctru.a(archive_dev.o)
 .text.archive_rename
                0x0000000000114274      0x184 /opt/devkitpro/libctru/lib/libctru.a(archive_dev.o)
 .text.archive_dirnext
                0x00000000001143f8      0x168 /opt/devkitpro/libctru/lib/libctru.a(archive_dev.o)
 .text.archive_write
                0x0000000000114560      0x12c /opt/devkitpro/libctru/lib/libctru.a(archive_dev.o)
 .text.archive_open
                0x000000000011468c      0x1f0 /opt/devkitpro/libctru/lib/libctru.a(archive_dev.o)
 .text.archiveMountSdmc
                0x000000000011487c      0x1a4 /opt/devkitpro/libctru/lib/libctru.a(archive_dev.o)
                0x000000000011487c                archiveMountSdmc
 .text.archiveUnmountAll
                0x0000000000114a20       0x54 /opt/devkitpro/libctru/lib/libctru.a(archive_dev.o)
                0x0000000000114a20                archiveUnmountAll
 *fill*         0x0000000000114a74        0x4 
 .text.cosf     0x0000000000114a78      0x22c /opt/devkitpro/devkitARM/bin/../lib/gcc/arm-none-eabi/11.1.0/../../../../arm-none-eabi/lib/armv6k/fpu/libm.a(lib_a-cosf.o)
                0x0000000000114a78                cosf
 .text.with_errnof
                0x0000000000114ca4       0x24 /opt/devkitpro/devkitARM/bin/../lib/gcc/arm-none-eabi/11.1.0/../../../../arm-none-eabi/lib/armv6k/fpu/libm.a(lib_a-math_errf.o)
 .text.__math_invalidf
                0x0000000000114cc8       0x1c /opt/devkitpro/devkitARM/bin/../lib/gcc/arm-none-eabi/11.1.0/../../../../arm-none-eabi/lib/armv6k/fpu/libm.a(lib_a-math_errf.o)
                0x0000000000114cc8                __math_invalidf
 .text.ceilf    0x0000000000114ce4       0xb8 /opt/devkitpro/devkitARM/bin/../lib/gcc/arm-none-eabi/11.1.0/../../../../arm-none-eabi/lib/armv6k/fpu/libm.a(lib_a-sf_ceil.o)
                0x0000000000114ce4                ceilf
 *fill*         0x0000000000114d9c        0x4 
 .text.sinf     0x0000000000114da0      0x26c /opt/devkitpro/devkitARM/bin/../lib/gcc/arm-none-eabi/11.1.0/../../../../arm-none-eabi/lib/armv6k/fpu/libm.a(lib_a-sinf.o)
                0x0000000000114da0                sinf
 .text.__udivmoddi4
                0x000000000011500c      0x120 /opt/devkitpro/devkitARM/bin/../lib/gcc/arm-none-eabi/11.1.0/armv6k/fpu/libgcc.a(_udivmoddi4.o)
                0x000000000011500c                __udivmoddi4
 .text.bsearch  0x000000000011512c       0x78 /opt/devkitpro/devkitARM/bin/../lib/gcc/arm-none-eabi/11.1.0/../../../../arm-none-eabi/lib/armv6k/fpu/libg.a(lib_a-bsearch.o)
                0x000000000011512c                bsearch
 .text.calloc   0x00000000001151a4       0x28 /opt/devkitpro/devkitARM/bin/../lib/gcc/arm-none-eabi/11.1.0/../../../../arm-none-eabi/lib/armv6k/fpu/libg.a(lib_a-calloc.o)
                0x00000000001151a4                calloc
 .text._calloc_r
                0x00000000001151cc       0xbc /opt/devkitpro/devkitARM/bin/../lib/gcc/arm-none-eabi/11.1.0/../../../../arm-none-eabi/lib/armv6k/fpu/libg.a(lib_a-callocr.o)
                0x00000000001151cc                _calloc_r
 .text.__errno  0x0000000000115288        0xc /opt/devkitpro/devkitARM/bin/../lib/gcc/arm-none-eabi/11.1.0/../../../../arm-none-eabi/lib/armv6k/fpu/libg.a(lib_a-errno.o)
                0x0000000000115288                __errno
 .text.exit     0x0000000000115294       0x34 /opt/devkitpro/devkitARM/bin/../lib/gcc/arm-none-eabi/11.1.0/../../../../arm-none-eabi/lib/armv6k/fpu/libg.a(lib_a-exit.o)
                0x0000000000115294                exit
 .text._fclose_r
                0x00000000001152c8      0x160 /opt/devkitpro/devkitARM/bin/../lib/gcc/arm-none-eabi/11.1.0/../../../../arm-none-eabi/lib/armv6k/fpu/libg.a(lib_a-fclose.o)
                0x00000000001152c8                _fclose_r
 .text.fclose   0x0000000000115428       0x20 /opt/devkitpro/devkitARM/bin/../lib/gcc/arm-none-eabi/11.1.0/../../../../arm-none-eabi/lib/armv6k/fpu/libg.a(lib_a-fclose.o)
                0x0000000000115428                fclose
 .text.__sflush_r
                0x0000000000115448      0x258 /opt/devkitpro/devkitARM/bin/../lib/gcc/arm-none-eabi/11.1.0/../../../../arm-none-eabi/lib/armv6k/fpu/libg.a(lib_a-fflush.o)
                0x0000000000115448                __sflush_r
 .text._fflush_r
                0x00000000001156a0       0x94 /opt/devkitpro/devkitARM/bin/../lib/gcc/arm-none-eabi/11.1.0/../../../../arm-none-eabi/lib/armv6k/fpu/libg.a(lib_a-fflush.o)
                0x00000000001156a0                _fflush_r
 .text.fflush   0x0000000000115734       0x38 /opt/devkitpro/devkitARM/bin/../lib/gcc/arm-none-eabi/11.1.0/../../../../arm-none-eabi/lib/armv6k/fpu/libg.a(lib_a-fflush.o)
                0x0000000000115734                fflush
 .text._cleanup_r
                0x000000000011576c        0xc /opt/devkitpro/devkitARM/bin/../lib/gcc/arm-none-eabi/11.1.0/../../../../arm-none-eabi/lib/armv6k/fpu/libg.a(lib_a-findfp.o)
                0x000000000011576c                _cleanup_r
 .text.__sinit  0x0000000000115778      0x184 /opt/devkitpro/devkitARM/bin/../lib/gcc/arm-none-eabi/11.1.0/../../../../arm-none-eabi/lib/armv6k/fpu/libg.a(lib_a-findfp.o)
                0x0000000000115778                __sinit
 .text.__sfp    0x00000000001158fc      0x134 /opt/devkitpro/devkitARM/bin/../lib/gcc/arm-none-eabi/11.1.0/../../../../arm-none-eabi/lib/armv6k/fpu/libg.a(lib_a-findfp.o)
                0x00000000001158fc                __sfp
 .text.__sfp_lock_acquire
                0x0000000000115a30        0xc /opt/devkitpro/devkitARM/bin/../lib/gcc/arm-none-eabi/11.1.0/../../../../arm-none-eabi/lib/armv6k/fpu/libg.a(lib_a-findfp.o)
                0x0000000000115a30                __sfp_lock_acquire
 .text.__sfp_lock_release
                0x0000000000115a3c        0xc /opt/devkitpro/devkitARM/bin/../lib/gcc/arm-none-eabi/11.1.0/../../../../arm-none-eabi/lib/armv6k/fpu/libg.a(lib_a-findfp.o)
                0x0000000000115a3c                __sfp_lock_release
 .text.__libc_fini_array
                0x0000000000115a48       0x3c /opt/devkitpro/devkitARM/bin/../lib/gcc/arm-none-eabi/11.1.0/../../../../arm-none-eabi/lib/armv6k/fpu/libg.a(lib_a-fini.o)
                0x0000000000115a48                __libc_fini_array
 .text._fopen_r
                0x0000000000115a84      0x140 /opt/devkitpro/devkitARM/bin/../lib/gcc/arm-none-eabi/11.1.0/../../../../arm-none-eabi/lib/armv6k/fpu/libg.a(lib_a-fopen.o)
                0x0000000000115a84                _fopen_r
 .text.fopen    0x0000000000115bc4       0x28 /opt/devkitpro/devkitARM/bin/../lib/gcc/arm-none-eabi/11.1.0/../../../../arm-none-eabi/lib/armv6k/fpu/libg.a(lib_a-fopen.o)
                0x0000000000115bc4                fopen
 .text._fread_r
                0x0000000000115bec      0x2d4 /opt/devkitpro/devkitARM/bin/../lib/gcc/arm-none-eabi/11.1.0/../../../../arm-none-eabi/lib/armv6k/fpu/libg.a(lib_a-fread.o)
                0x0000000000115bec                _fread_r
 .text.fread    0x0000000000115ec0       0x38 /opt/devkitpro/devkitARM/bin/../lib/gcc/arm-none-eabi/11.1.0/../../../../arm-none-eabi/lib/armv6k/fpu/libg.a(lib_a-fread.o)
                0x0000000000115ec0                fread
 .text._malloc_trim_r
                0x0000000000115ef8       0xf8 /opt/devkitpro/devkitARM/bin/../lib/gcc/arm-none-eabi/11.1.0/../../../../arm-none-eabi/lib/armv6k/fpu/libg.a(lib_a-freer.o)
                0x0000000000115ef8                _malloc_trim_r
 .text._free_r  0x0000000000115ff0      0x2e4 /opt/devkitpro/devkitARM/bin/../lib/gcc/arm-none-eabi/11.1.0/../../../../arm-none-eabi/lib/armv6k/fpu/libg.a(lib_a-freer.o)
                0x0000000000115ff0                _free_r
 .text._fseek_r
                0x00000000001162d4       0x1c /opt/devkitpro/devkitARM/bin/../lib/gcc/arm-none-eabi/11.1.0/../../../../arm-none-eabi/lib/armv6k/fpu/libg.a(lib_a-fseek.o)
                0x00000000001162d4                _fseek_r
 .text._fseeko_r
                0x00000000001162f0      0x598 /opt/devkitpro/devkitARM/bin/../lib/gcc/arm-none-eabi/11.1.0/../../../../arm-none-eabi/lib/armv6k/fpu/libg.a(lib_a-fseeko.o)
                0x00000000001162f0                _fseeko_r
 .text._fwalk   0x0000000000116888       0x68 /opt/devkitpro/devkitARM/bin/../lib/gcc/arm-none-eabi/11.1.0/../../../../arm-none-eabi/lib/armv6k/fpu/libg.a(lib_a-fwalk.o)
                0x0000000000116888                _fwalk
 .text._fwalk_reent
                0x00000000001168f0       0x70 /opt/devkitpro/devkitARM/bin/../lib/gcc/arm-none-eabi/11.1.0/../../../../arm-none-eabi/lib/armv6k/fpu/libg.a(lib_a-fwalk.o)
                0x00000000001168f0                _fwalk_reent
 .text.__libc_init_array
                0x0000000000116960       0x7c /opt/devkitpro/devkitARM/bin/../lib/gcc/arm-none-eabi/11.1.0/../../../../arm-none-eabi/lib/armv6k/fpu/libg.a(lib_a-init.o)
                0x0000000000116960                __libc_init_array
 .text.__smakebuf_r
                0x00000000001169dc      0x138 /opt/devkitpro/devkitARM/bin/../lib/gcc/arm-none-eabi/11.1.0/../../../../arm-none-eabi/lib/armv6k/fpu/libg.a(lib_a-makebuf.o)
                0x00000000001169dc                __smakebuf_r
 .text.__swhatbuf_r
                0x0000000000116b14       0x8c /opt/devkitpro/devkitARM/bin/../lib/gcc/arm-none-eabi/11.1.0/../../../../arm-none-eabi/lib/armv6k/fpu/libg.a(lib_a-makebuf.o)
                0x0000000000116b14                __swhatbuf_r
 .text.memalign
                0x0000000000116ba0       0x28 /opt/devkitpro/devkitARM/bin/../lib/gcc/arm-none-eabi/11.1.0/../../../../arm-none-eabi/lib/armv6k/fpu/libg.a(lib_a-malign.o)
                0x0000000000116ba0                memalign
 .text._memalign_r
                0x0000000000116bc8      0x150 /opt/devkitpro/devkitARM/bin/../lib/gcc/arm-none-eabi/11.1.0/../../../../arm-none-eabi/lib/armv6k/fpu/libg.a(lib_a-malignr.o)
                0x0000000000116bc8                _memalign_r
 .text.malloc   0x0000000000116d18       0x20 /opt/devkitpro/devkitARM/bin/../lib/gcc/arm-none-eabi/11.1.0/../../../../arm-none-eabi/lib/armv6k/fpu/libg.a(lib_a-malloc.o)
                0x0000000000116d18                malloc
 .text.free     0x0000000000116d38       0x20 /opt/devkitpro/devkitARM/bin/../lib/gcc/arm-none-eabi/11.1.0/../../../../arm-none-eabi/lib/armv6k/fpu/libg.a(lib_a-malloc.o)
                0x0000000000116d38                free
 .text._malloc_r
                0x0000000000116d58      0x7e0 /opt/devkitpro/devkitARM/bin/../lib/gcc/arm-none-eabi/11.1.0/../../../../arm-none-eabi/lib/armv6k/fpu/libg.a(lib_a-mallocr.o)
                0x0000000000116d58                _malloc_r
 .text.memchr   0x0000000000117538       0xe0 /opt/devkitpro/devkitARM/bin/../lib/gcc/arm-none-eabi/11.1.0/../../../../arm-none-eabi/lib/armv6k/fpu/libg.a(lib_a-memchr-stub.o)
                0x0000000000117538                memchr
 .text.memcmp   0x0000000000117618       0xa8 /opt/devkitpro/devkitARM/bin/../lib/gcc/arm-none-eabi/11.1.0/../../../../arm-none-eabi/lib/armv6k/fpu/libg.a(lib_a-memcmp.o)
                0x0000000000117618                memcmp
 .text.memcpy   0x00000000001176c0      0x11c /opt/devkitpro/devkitARM/bin/../lib/gcc/arm-none-eabi/11.1.0/../../../../arm-none-eabi/lib/armv6k/fpu/libg.a(lib_a-memcpy-stub.o)
                0x00000000001176c0                memcpy
 .text.memset   0x00000000001177dc      0x118 /opt/devkitpro/devkitARM/bin/../lib/gcc/arm-none-eabi/11.1.0/../../../../arm-none-eabi/lib/armv6k/fpu/libg.a(lib_a-memset.o)
                0x00000000001177dc                memset
 .text.__malloc_lock
                0x00000000001178f4        0xc /opt/devkitpro/devkitARM/bin/../lib/gcc/arm-none-eabi/11.1.0/../../../../arm-none-eabi/lib/armv6k/fpu/libg.a(lib_a-mlock.o)
                0x00000000001178f4                __malloc_lock
 .text.__malloc_unlock
                0x0000000000117900        0xc /opt/devkitpro/devkitARM/bin/../lib/gcc/arm-none-eabi/11.1.0/../../../../arm-none-eabi/lib/armv6k/fpu/libg.a(lib_a-mlock.o)
                0x0000000000117900                __malloc_unlock
 .text.printf   0x000000000011790c       0x34 /opt/devkitpro/devkitARM/bin/../lib/gcc/arm-none-eabi/11.1.0/../../../../arm-none-eabi/lib/armv6k/fpu/libg.a(lib_a-printf.o)
                0x000000000011790c                printf
 .text._puts_r  0x0000000000117940       0xe0 /opt/devkitpro/devkitARM/bin/../lib/gcc/arm-none-eabi/11.1.0/../../../../arm-none-eabi/lib/armv6k/fpu/libg.a(lib_a-puts.o)
                0x0000000000117940                _puts_r
 .text.puts     0x0000000000117a20       0x20 /opt/devkitpro/devkitARM/bin/../lib/gcc/arm-none-eabi/11.1.0/../../../../arm-none-eabi/lib/armv6k/fpu/libg.a(lib_a-puts.o)
                0x0000000000117a20                puts
 .text.qsort    0x0000000000117a40      0x958 /opt/devkitpro/devkitARM/bin/../lib/gcc/arm-none-eabi/11.1.0/../../../../arm-none-eabi/lib/armv6k/fpu/libg.a(lib_a-qsort.o)
                0x0000000000117a40                qsort
 .text.srand    0x0000000000118398       0x1c /opt/devkitpro/devkitARM/bin/../lib/gcc/arm-none-eabi/11.1.0/../../../../arm-none-eabi/lib/armv6k/fpu/libg.a(lib_a-rand.o)
                0x0000000000118398                srand
 .text.realloc  0x00000000001183b4       0x28 /opt/devkitpro/devkitARM/bin/../lib/gcc/arm-none-eabi/11.1.0/../../../../arm-none-eabi/lib/armv6k/fpu/libg.a(lib_a-realloc.o)
                0x00000000001183b4                realloc
 .text._realloc_r
                0x00000000001183dc      0x558 /opt/devkitpro/devkitARM/bin/../lib/gcc/arm-none-eabi/11.1.0/../../../../arm-none-eabi/lib/armv6k/fpu/libg.a(lib_a-reallocr.o)
                0x00000000001183dc                _realloc_r
 .text.lflush   0x0000000000118934       0x1c /opt/devkitpro/devkitARM/bin/../lib/gcc/arm-none-eabi/11.1.0/../../../../arm-none-eabi/lib/armv6k/fpu/libg.a(lib_a-refill.o)
 .text.__srefill_r
                0x0000000000118950      0x1ac /opt/devkitpro/devkitARM/bin/../lib/gcc/arm-none-eabi/11.1.0/../../../../arm-none-eabi/lib/armv6k/fpu/libg.a(lib_a-refill.o)
                0x0000000000118950                __srefill_r
 .text.setvbuf  0x0000000000118afc      0x260 /opt/devkitpro/devkitARM/bin/../lib/gcc/arm-none-eabi/11.1.0/../../../../arm-none-eabi/lib/armv6k/fpu/libg.a(lib_a-setvbuf.o)
                0x0000000000118afc                setvbuf
 .text.sscanf   0x0000000000118d5c       0x74 /opt/devkitpro/devkitARM/bin/../lib/gcc/arm-none-eabi/11.1.0/../../../../arm-none-eabi/lib/armv6k/fpu/libg.a(lib_a-sscanf.o)
                0x0000000000118d5c                sscanf
 .text.__sread  0x0000000000118dd0       0x44 /opt/devkitpro/devkitARM/bin/../lib/gcc/arm-none-eabi/11.1.0/../../../../arm-none-eabi/lib/armv6k/fpu/libg.a(lib_a-stdio.o)
                0x0000000000118dd0                __sread
 .text.__seofread
                0x0000000000118e14        0x8 /opt/devkitpro/devkitARM/bin/../lib/gcc/arm-none-eabi/11.1.0/../../../../arm-none-eabi/lib/armv6k/fpu/libg.a(lib_a-stdio.o)
                0x0000000000118e14                __seofread
 .text.__swrite
                0x0000000000118e1c       0x68 /opt/devkitpro/devkitARM/bin/../lib/gcc/arm-none-eabi/11.1.0/../../../../arm-none-eabi/lib/armv6k/fpu/libg.a(lib_a-stdio.o)
                0x0000000000118e1c                __swrite
 .text.__sseek  0x0000000000118e84       0x48 /opt/devkitpro/devkitARM/bin/../lib/gcc/arm-none-eabi/11.1.0/../../../../arm-none-eabi/lib/armv6k/fpu/libg.a(lib_a-stdio.o)
                0x0000000000118e84                __sseek
 .text.__sclose
                0x0000000000118ecc        0x8 /opt/devkitpro/devkitARM/bin/../lib/gcc/arm-none-eabi/11.1.0/../../../../arm-none-eabi/lib/armv6k/fpu/libg.a(lib_a-stdio.o)
                0x0000000000118ecc                __sclose
 .text.strchr   0x0000000000118ed4      0x12c /opt/devkitpro/devkitARM/bin/../lib/gcc/arm-none-eabi/11.1.0/../../../../arm-none-eabi/lib/armv6k/fpu/libg.a(lib_a-strchr.o)
                0x0000000000118ed4                strchr
 .text.strlen   0x0000000000119000       0x5c /opt/devkitpro/devkitARM/bin/../lib/gcc/arm-none-eabi/11.1.0/../../../../arm-none-eabi/lib/armv6k/fpu/libg.a(lib_a-strlen-stub.o)
                0x0000000000119000                strlen
 .text.strncat  0x000000000011905c       0xec /opt/devkitpro/devkitARM/bin/../lib/gcc/arm-none-eabi/11.1.0/../../../../arm-none-eabi/lib/armv6k/fpu/libg.a(lib_a-strncat.o)
                0x000000000011905c                strncat
 .text.strncmp  0x0000000000119148       0xdc /opt/devkitpro/devkitARM/bin/../lib/gcc/arm-none-eabi/11.1.0/../../../../arm-none-eabi/lib/armv6k/fpu/libg.a(lib_a-strncmp.o)
                0x0000000000119148                strncmp
 .text.strncpy  0x0000000000119224       0xc0 /opt/devkitpro/devkitARM/bin/../lib/gcc/arm-none-eabi/11.1.0/../../../../arm-none-eabi/lib/armv6k/fpu/libg.a(lib_a-strncpy.o)
                0x0000000000119224                strncpy
 .text.strnlen  0x00000000001192e4       0x48 /opt/devkitpro/devkitARM/bin/../lib/gcc/arm-none-eabi/11.1.0/../../../../arm-none-eabi/lib/armv6k/fpu/libg.a(lib_a-strnlen.o)
                0x00000000001192e4                strnlen
 .text.get_arg  0x000000000011932c       0x50 /opt/devkitpro/devkitARM/bin/../lib/gcc/arm-none-eabi/11.1.0/../../../../arm-none-eabi/lib/armv6k/fpu/libg.a(lib_a-svfscanf.o)
 .text.__ssvfscanf_r
                0x000000000011937c     0x2bbc /opt/devkitpro/devkitARM/bin/../lib/gcc/arm-none-eabi/11.1.0/../../../../arm-none-eabi/lib/armv6k/fpu/libg.a(lib_a-svfscanf.o)
                0x000000000011937c                __ssvfscanf_r
 .text.time     0x000000000011bf38       0x3c /opt/devkitpro/devkitARM/bin/../lib/gcc/arm-none-eabi/11.1.0/../../../../arm-none-eabi/lib/armv6k/fpu/libg.a(lib_a-time.o)
                0x000000000011bf38                time
 .text.get_arg  0x000000000011bf74      0x628 /opt/devkitpro/devkitARM/bin/../lib/gcc/arm-none-eabi/11.1.0/../../../../arm-none-eabi/lib/armv6k/fpu/libg.a(lib_a-vfiprintf.o)
 .text.__sprint_r
                0x000000000011c59c       0x30 /opt/devkitpro/devkitARM/bin/../lib/gcc/arm-none-eabi/11.1.0/../../../../arm-none-eabi/lib/armv6k/fpu/libg.a(lib_a-vfiprintf.o)
                0x000000000011c59c                __sprint_r
 .text._vfiprintf_r
                0x000000000011c5cc     0x233c /opt/devkitpro/devkitARM/bin/../lib/gcc/arm-none-eabi/11.1.0/../../../../arm-none-eabi/lib/armv6k/fpu/libg.a(lib_a-vfiprintf.o)
                0x000000000011c5cc                _vfiprintf_r
 .text.__sbprintf
                0x000000000011e908       0xd4 /opt/devkitpro/devkitARM/bin/../lib/gcc/arm-none-eabi/11.1.0/../../../../arm-none-eabi/lib/armv6k/fpu/libg.a(lib_a-vfiprintf.o)
 .text.get_arg  0x000000000011e9dc      0x628 /opt/devkitpro/devkitARM/bin/../lib/gcc/arm-none-eabi/11.1.0/../../../../arm-none-eabi/lib/armv6k/fpu/libg.a(lib_a-vfprintf.o)
 *fill*         0x000000000011f004        0x4 
 .text._vfprintf_r
                0x000000000011f008     0x3684 /opt/devkitpro/devkitARM/bin/../lib/gcc/arm-none-eabi/11.1.0/../../../../arm-none-eabi/lib/armv6k/fpu/libg.a(lib_a-vfprintf.o)
                0x000000000011f008                _vfprintf_r
 .text.__sbprintf
                0x000000000012268c       0xd4 /opt/devkitpro/devkitARM/bin/../lib/gcc/arm-none-eabi/11.1.0/../../../../arm-none-eabi/lib/armv6k/fpu/libg.a(lib_a-vfprintf.o)
 .text._wcrtomb_r
                0x0000000000122760       0x54 /opt/devkitpro/devkitARM/bin/../lib/gcc/arm-none-eabi/11.1.0/../../../../arm-none-eabi/lib/armv6k/fpu/libg.a(lib_a-wcrtomb.o)
                0x0000000000122760                _wcrtomb_r
 .text._wcsrtombs_r
                0x00000000001227b4       0x28 /opt/devkitpro/devkitARM/bin/../lib/gcc/arm-none-eabi/11.1.0/../../../../arm-none-eabi/lib/armv6k/fpu/libg.a(lib_a-wcsrtombs.o)
                0x00000000001227b4                _wcsrtombs_r
 .text.__swsetup_r
                0x00000000001227dc      0x154 /opt/devkitpro/devkitARM/bin/../lib/gcc/arm-none-eabi/11.1.0/../../../../arm-none-eabi/lib/armv6k/fpu/libg.a(lib_a-wsetup.o)
                0x00000000001227dc                __swsetup_r
 .text.__call_exitprocs
                0x0000000000122930      0x114 /opt/devkitpro/devkitARM/bin/../lib/gcc/arm-none-eabi/11.1.0/../../../../arm-none-eabi/lib/armv6k/fpu/libg.a(lib_a-__call_atexit.o)
                0x0000000000122930                __call_exitprocs
 .text.quorem   0x0000000000122a44      0x1ac /opt/devkitpro/devkitARM/bin/../lib/gcc/arm-none-eabi/11.1.0/../../../../arm-none-eabi/lib/armv6k/fpu/libg.a(lib_a-dtoa.o)
 .text._dtoa_r  0x0000000000122bf0     0x12cc /opt/devkitpro/devkitARM/bin/../lib/gcc/arm-none-eabi/11.1.0/../../../../arm-none-eabi/lib/armv6k/fpu/libg.a(lib_a-dtoa.o)
                0x0000000000122bf0                _dtoa_r
 .text.__sflags
                0x0000000000123ebc       0xcc /opt/devkitpro/devkitARM/bin/../lib/gcc/arm-none-eabi/11.1.0/../../../../arm-none-eabi/lib/armv6k/fpu/libg.a(lib_a-flags.o)
                0x0000000000123ebc                __sflags
 .text.__sfvwrite_r
                0x0000000000123f88      0x4c0 /opt/devkitpro/devkitARM/bin/../lib/gcc/arm-none-eabi/11.1.0/../../../../arm-none-eabi/lib/armv6k/fpu/libg.a(lib_a-fvwrite.o)
                0x0000000000123f88                __sfvwrite_r
 .text.iswspace
                0x0000000000124448        0x8 /opt/devkitpro/devkitARM/bin/../lib/gcc/arm-none-eabi/11.1.0/../../../../arm-none-eabi/lib/armv6k/fpu/libg.a(lib_a-iswspace.o)
                0x0000000000124448                iswspace
 .text._localeconv_r
                0x0000000000124450        0xc /opt/devkitpro/devkitARM/bin/../lib/gcc/arm-none-eabi/11.1.0/../../../../arm-none-eabi/lib/armv6k/fpu/libg.a(lib_a-localeconv.o)
                0x0000000000124450                _localeconv_r
 .text.__locale_mb_cur_max
                0x000000000012445c       0x10 /opt/devkitpro/devkitARM/bin/../lib/gcc/arm-none-eabi/11.1.0/../../../../arm-none-eabi/lib/armv6k/fpu/libg.a(lib_a-locale.o)
                0x000000000012445c                __locale_mb_cur_max
 .text._mbrtowc_r
                0x000000000012446c       0x68 /opt/devkitpro/devkitARM/bin/../lib/gcc/arm-none-eabi/11.1.0/../../../../arm-none-eabi/lib/armv6k/fpu/libg.a(lib_a-mbrtowc.o)
                0x000000000012446c                _mbrtowc_r
 .text.__utf8_mbtowc
                0x00000000001244d4      0x2e4 /opt/devkitpro/devkitARM/bin/../lib/gcc/arm-none-eabi/11.1.0/../../../../arm-none-eabi/lib/armv6k/fpu/libg.a(lib_a-mbtowc_r.o)
                0x00000000001244d4                __utf8_mbtowc